Archive member included to satisfy reference by file (symbol)

C:/ST/STM32CubeIDE_1.16.1/STM32CubeIDE/plugins/com.st.stm32cube.ide.mcu.externaltools.gnu-tools-for-stm32.12.3.rel1.win32_1.0.200.202406191623/tools/bin/../lib/gcc/arm-none-eabi/12.3.1/../../../../arm-none-eabi/lib/thumb/v7e-m+fp/hard\libc_nano.a(libc_a-atof.o)
                              ./Core/Src/main.o (atof)
C:/ST/STM32CubeIDE_1.16.1/STM32CubeIDE/plugins/com.st.stm32cube.ide.mcu.externaltools.gnu-tools-for-stm32.12.3.rel1.win32_1.0.200.202406191623/tools/bin/../lib/gcc/arm-none-eabi/12.3.1/../../../../arm-none-eabi/lib/thumb/v7e-m+fp/hard\libc_nano.a(libc_a-exit.o)
                              C:/ST/STM32CubeIDE_1.16.1/STM32CubeIDE/plugins/com.st.stm32cube.ide.mcu.externaltools.gnu-tools-for-stm32.12.3.rel1.win32_1.0.200.202406191623/tools/bin/../lib/gcc/arm-none-eabi/12.3.1/../../../../arm-none-eabi/lib/thumb/v7e-m+fp/hard/crt0.o (exit)
C:/ST/STM32CubeIDE_1.16.1/STM32CubeIDE/plugins/com.st.stm32cube.ide.mcu.externaltools.gnu-tools-for-stm32.12.3.rel1.win32_1.0.200.202406191623/tools/bin/../lib/gcc/arm-none-eabi/12.3.1/../../../../arm-none-eabi/lib/thumb/v7e-m+fp/hard\libc_nano.a(libc_a-strtod.o)
                              C:/ST/STM32CubeIDE_1.16.1/STM32CubeIDE/plugins/com.st.stm32cube.ide.mcu.externaltools.gnu-tools-for-stm32.12.3.rel1.win32_1.0.200.202406191623/tools/bin/../lib/gcc/arm-none-eabi/12.3.1/../../../../arm-none-eabi/lib/thumb/v7e-m+fp/hard\libc_nano.a(libc_a-atof.o) (strtod)
C:/ST/STM32CubeIDE_1.16.1/STM32CubeIDE/plugins/com.st.stm32cube.ide.mcu.externaltools.gnu-tools-for-stm32.12.3.rel1.win32_1.0.200.202406191623/tools/bin/../lib/gcc/arm-none-eabi/12.3.1/../../../../arm-none-eabi/lib/thumb/v7e-m+fp/hard\libc_nano.a(libc_a-nano-vfprintf_float.o)
                              (_printf_float)
C:/ST/STM32CubeIDE_1.16.1/STM32CubeIDE/plugins/com.st.stm32cube.ide.mcu.externaltools.gnu-tools-for-stm32.12.3.rel1.win32_1.0.200.202406191623/tools/bin/../lib/gcc/arm-none-eabi/12.3.1/../../../../arm-none-eabi/lib/thumb/v7e-m+fp/hard\libc_nano.a(libc_a-nano-vfprintf_i.o)
                              C:/ST/STM32CubeIDE_1.16.1/STM32CubeIDE/plugins/com.st.stm32cube.ide.mcu.externaltools.gnu-tools-for-stm32.12.3.rel1.win32_1.0.200.202406191623/tools/bin/../lib/gcc/arm-none-eabi/12.3.1/../../../../arm-none-eabi/lib/thumb/v7e-m+fp/hard\libc_nano.a(libc_a-nano-vfprintf_float.o) (_printf_common)
C:/ST/STM32CubeIDE_1.16.1/STM32CubeIDE/plugins/com.st.stm32cube.ide.mcu.externaltools.gnu-tools-for-stm32.12.3.rel1.win32_1.0.200.202406191623/tools/bin/../lib/gcc/arm-none-eabi/12.3.1/../../../../arm-none-eabi/lib/thumb/v7e-m+fp/hard\libc_nano.a(libc_a-nano-vfscanf_float.o)
                              (_scanf_float)
C:/ST/STM32CubeIDE_1.16.1/STM32CubeIDE/plugins/com.st.stm32cube.ide.mcu.externaltools.gnu-tools-for-stm32.12.3.rel1.win32_1.0.200.202406191623/tools/bin/../lib/gcc/arm-none-eabi/12.3.1/../../../../arm-none-eabi/lib/thumb/v7e-m+fp/hard\libc_nano.a(libc_a-findfp.o)
                              C:/ST/STM32CubeIDE_1.16.1/STM32CubeIDE/plugins/com.st.stm32cube.ide.mcu.externaltools.gnu-tools-for-stm32.12.3.rel1.win32_1.0.200.202406191623/tools/bin/../lib/gcc/arm-none-eabi/12.3.1/../../../../arm-none-eabi/lib/thumb/v7e-m+fp/hard\libc_nano.a(libc_a-exit.o) (__stdio_exit_handler)
C:/ST/STM32CubeIDE_1.16.1/STM32CubeIDE/plugins/com.st.stm32cube.ide.mcu.externaltools.gnu-tools-for-stm32.12.3.rel1.win32_1.0.200.202406191623/tools/bin/../lib/gcc/arm-none-eabi/12.3.1/../../../../arm-none-eabi/lib/thumb/v7e-m+fp/hard\libc_nano.a(libc_a-fwalk.o)
                              C:/ST/STM32CubeIDE_1.16.1/STM32CubeIDE/plugins/com.st.stm32cube.ide.mcu.externaltools.gnu-tools-for-stm32.12.3.rel1.win32_1.0.200.202406191623/tools/bin/../lib/gcc/arm-none-eabi/12.3.1/../../../../arm-none-eabi/lib/thumb/v7e-m+fp/hard\libc_nano.a(libc_a-findfp.o) (_fwalk_sglue)
C:/ST/STM32CubeIDE_1.16.1/STM32CubeIDE/plugins/com.st.stm32cube.ide.mcu.externaltools.gnu-tools-for-stm32.12.3.rel1.win32_1.0.200.202406191623/tools/bin/../lib/gcc/arm-none-eabi/12.3.1/../../../../arm-none-eabi/lib/thumb/v7e-m+fp/hard\libc_nano.a(libc_a-printf.o)
                              ./Core/Src/main.o (printf)
C:/ST/STM32CubeIDE_1.16.1/STM32CubeIDE/plugins/com.st.stm32cube.ide.mcu.externaltools.gnu-tools-for-stm32.12.3.rel1.win32_1.0.200.202406191623/tools/bin/../lib/gcc/arm-none-eabi/12.3.1/../../../../arm-none-eabi/lib/thumb/v7e-m+fp/hard\libc_nano.a(libc_a-snprintf.o)
                              ./Core/Src/main.o (snprintf)
C:/ST/STM32CubeIDE_1.16.1/STM32CubeIDE/plugins/com.st.stm32cube.ide.mcu.externaltools.gnu-tools-for-stm32.12.3.rel1.win32_1.0.200.202406191623/tools/bin/../lib/gcc/arm-none-eabi/12.3.1/../../../../arm-none-eabi/lib/thumb/v7e-m+fp/hard\libc_nano.a(libc_a-sprintf.o)
                              ./Core/Src/main.o (sprintf)
[...]
Memory Configuration

Name             Origin             Length             Attributes
RAM              0x20000000         0x00050000         xrw
FLASH            0x08000000         0x00100000         xr
*default*        0x00000000         0xffffffff

Linker script and memory map

LOAD C:/ST/STM32CubeIDE_1.16.1/STM32CubeIDE/plugins/com.st.stm32cube.ide.mcu.externaltools.gnu-tools-for-stm32.12.3.rel1.win32_1.0.200.202406191623/tools/bin/../lib/gcc/arm-none-eabi/12.3.1/thumb/v7e-m+fp/hard/crti.o
LOAD C:/ST/STM32CubeIDE_1.16.1/STM32CubeIDE/plugins/com.st.stm32cube.ide.mcu.externaltools.gnu-tools-for-stm32.12.3.rel1.win32_1.0.200.202406191623/tools/bin/../lib/gcc/arm-none-eabi/12.3.1/thumb/v7e-m+fp/hard/crtbegin.o
LOAD C:/ST/STM32CubeIDE_1.16.1/STM32CubeIDE/plugins/com.st.stm32cube.ide.mcu.externaltools.gnu-tools-for-stm32.12.3.rel1.win32_1.0.200.202406191623/tools/bin/../lib/gcc/arm-none-eabi/12.3.1/../../../../arm-none-eabi/lib/thumb/v7e-m+fp/hard/crt0.o
LOAD ./Components/Src/bmp2.o
LOAD ./Components/Src/bmp2_config.o
LOAD ./Components/Src/dio.o
LOAD ./Components/Src/fan.o
LOAD ./Components/Src/fan_config.o
LOAD ./Components/Src/heater.o
LOAD ./Components/Src/heater_config.o
LOAD ./Components/Src/pwm.o
LOAD ./Core/Src/LCD_HD44780.o
LOAD ./Core/Src/fatfs_sd.o
LOAD ./Core/Src/gpio.o
LOAD ./Core/Src/main.o
LOAD ./Core/Src/pid_control.o
LOAD ./Core/Src/spi.o
LOAD ./Core/Src/stm32f7xx_hal_msp.o
LOAD ./Core/Src/stm32f7xx_it.o
LOAD ./Core/Src/syscalls.o
LOAD ./Core/Src/sysmem.o
LOAD ./Core/Src/system_stm32f7xx.o
LOAD ./Core/Src/tim.o
LOAD ./Core/Src/usart.o
LOAD ./Core/Startup/startup_stm32f746zgtx.o
LOAD ./Drivers/STM32F7xx_HAL_Driver/stm32f7xx_hal.o
LOAD ./Drivers/STM32F7xx_HAL_Driver/stm32f7xx_hal_cortex.o
LOAD ./Drivers/STM32F7xx_HAL_Driver/stm32f7xx_hal_dma.o
LOAD ./Drivers/STM32F7xx_HAL_Driver/stm32f7xx_hal_dma_ex.o
LOAD ./Drivers/STM32F7xx_HAL_Driver/stm32f7xx_hal_exti.o
LOAD ./Drivers/STM32F7xx_HAL_Driver/stm32f7xx_hal_flash.o
LOAD ./Drivers/STM32F7xx_HAL_Driver/stm32f7xx_hal_flash_ex.o
LOAD ./Drivers/STM32F7xx_HAL_Driver/stm32f7xx_hal_gpio.o
LOAD ./Drivers/STM32F7xx_HAL_Driver/stm32f7xx_hal_i2c.o
LOAD ./Drivers/STM32F7xx_HAL_Driver/stm32f7xx_hal_i2c_ex.o
LOAD ./Drivers/STM32F7xx_HAL_Driver/stm32f7xx_hal_pwr.o
LOAD ./Drivers/STM32F7xx_HAL_Driver/stm32f7xx_hal_pwr_ex.o
LOAD ./Drivers/STM32F7xx_HAL_Driver/stm32f7xx_hal_rcc.o
LOAD ./Drivers/STM32F7xx_HAL_Driver/stm32f7xx_hal_rcc_ex.o
LOAD ./Drivers/STM32F7xx_HAL_Driver/stm32f7xx_hal_spi.o
LOAD ./Drivers/STM32F7xx_HAL_Driver/stm32f7xx_hal_spi_ex.o
LOAD ./Drivers/STM32F7xx_HAL_Driver/stm32f7xx_hal_tim.o
LOAD ./Drivers/STM32F7xx_HAL_Driver/stm32f7xx_hal_tim_ex.o
LOAD ./Drivers/STM32F7xx_HAL_Driver/stm32f7xx_hal_uart.o
LOAD ./Drivers/STM32F7xx_HAL_Driver/stm32f7xx_hal_uart_ex.o
LOAD ./FATFS/App/fatfs.o
LOAD ./FATFS/Target/user_diskio.o
LOAD ./Middlewares/FatFs/ccsbcs.o
LOAD ./Middlewares/FatFs/diskio.o
LOAD ./Middlewares/FatFs/ff.o
LOAD ./Middlewares/FatFs/ff_gen_drv.o
LOAD ./Middlewares/FatFs/syscall.o
START GROUP
LOAD C:/ST/STM32CubeIDE_1.16.1/STM32CubeIDE/plugins/com.st.stm32cube.ide.mcu.externaltools.gnu-tools-for-stm32.12.3.rel1.win32_1.0.200.202406191623/tools/bin/../lib/gcc/arm-none-eabi/12.3.1/../../../../arm-none-eabi/lib/thumb/v7e-m+fp/hard\libc_nano.a
LOAD C:/ST/STM32CubeIDE_1.16.1/STM32CubeIDE/plugins/com.st.stm32cube.ide.mcu.externaltools.gnu-tools-for-stm32.12.3.rel1.win32_1.0.200.202406191623/tools/bin/../lib/gcc/arm-none-eabi/12.3.1/../../../../arm-none-eabi/lib/thumb/v7e-m+fp/hard\libm.a
END GROUP
START GROUP
LOAD C:/ST/STM32CubeIDE_1.16.1/STM32CubeIDE/plugins/com.st.stm32cube.ide.mcu.externaltools.gnu-tools-for-stm32.12.3.rel1.win32_1.0.200.202406191623/tools/bin/../lib/gcc/arm-none-eabi/12.3.1/thumb/v7e-m+fp/hard\libgcc.a
LOAD C:/ST/STM32CubeIDE_1.16.1/STM32CubeIDE/plugins/com.st.stm32cube.ide.mcu.externaltools.gnu-tools-for-stm32.12.3.rel1.win32_1.0.200.202406191623/tools/bin/../lib/gcc/arm-none-eabi/12.3.1/../../../../arm-none-eabi/lib/thumb/v7e-m+fp/hard\libc_nano.a
END GROUP
START GROUP
LOAD C:/ST/STM32CubeIDE_1.16.1/STM32CubeIDE/plugins/com.st.stm32cube.ide.mcu.externaltools.gnu-tools-for-stm32.12.3.rel1.win32_1.0.200.202406191623/tools/bin/../lib/gcc/arm-none-eabi/12.3.1/thumb/v7e-m+fp/hard\libgcc.a
LOAD C:/ST/STM32CubeIDE_1.16.1/STM32CubeIDE/plugins/com.st.stm32cube.ide.mcu.externaltools.gnu-tools-for-stm32.12.3.rel1.win32_1.0.200.202406191623/tools/bin/../lib/gcc/arm-none-eabi/12.3.1/../../../../arm-none-eabi/lib/thumb/v7e-m+fp/hard\libc_nano.a
LOAD C:/ST/STM32CubeIDE_1.16.1/STM32CubeIDE/plugins/com.st.stm32cube.ide.mcu.externaltools.gnu-tools-for-stm32.12.3.rel1.win32_1.0.200.202406191623/tools/bin/../lib/gcc/arm-none-eabi/12.3.1/../../../../arm-none-eabi/lib/thumb/v7e-m+fp/hard\libnosys.a
END GROUP
START GROUP
LOAD C:/ST/STM32CubeIDE_1.16.1/STM32CubeIDE/plugins/com.st.stm32cube.ide.mcu.externaltools.gnu-tools-for-stm32.12.3.rel1.win32_1.0.200.202406191623/tools/bin/../lib/gcc/arm-none-eabi/12.3.1/thumb/v7e-m+fp/hard\libgcc.a
LOAD C:/ST/STM32CubeIDE_1.16.1/STM32CubeIDE/plugins/com.st.stm32cube.ide.mcu.externaltools.gnu-tools-for-stm32.12.3.rel1.win32_1.0.200.202406191623/tools/bin/../lib/gcc/arm-none-eabi/12.3.1/../../../../arm-none-eabi/lib/thumb/v7e-m+fp/hard\libc_nano.a
LOAD C:/ST/STM32CubeIDE_1.16.1/STM32CubeIDE/plugins/com.st.stm32cube.ide.mcu.externaltools.gnu-tools-for-stm32.12.3.rel1.win32_1.0.200.202406191623/tools/bin/../lib/gcc/arm-none-eabi/12.3.1/../../../../arm-none-eabi/lib/thumb/v7e-m+fp/hard\libnosys.a
END GROUP
LOAD C:/ST/STM32CubeIDE_1.16.1/STM32CubeIDE/plugins/com.st.stm32cube.ide.mcu.externaltools.gnu-tools-for-stm32.12.3.rel1.win32_1.0.200.202406191623/tools/bin/../lib/gcc/arm-none-eabi/12.3.1/thumb/v7e-m+fp/hard/crtend.o
LOAD C:/ST/STM32CubeIDE_1.16.1/STM32CubeIDE/plugins/com.st.stm32cube.ide.mcu.externaltools.gnu-tools-for-stm32.12.3.rel1.win32_1.0.200.202406191623/tools/bin/../lib/gcc/arm-none-eabi/12.3.1/thumb/v7e-m+fp/hard/crtn.o
                0x20050000                        _estack = (ORIGIN (RAM) + LENGTH (RAM))
                0x00000200                        _Min_Heap_Size = 0x200
                0x00000400                        _Min_Stack_Size = 0x400

.isr_vector     0x08000000      0x1c8
                0x08000000                        . = ALIGN (0x4)
 *(.isr_vector)
 .isr_vector    0x08000000      0x1c8 ./Core/Startup/startup_stm32f746zgtx.o
                0x08000000                g_pfnVectors
                0x080001c8                        . = ALIGN (0x4)

.text           0x080001d0    0x10c9c
                0x080001d0                        . = ALIGN (0x4)
 *(.text)
 .text          0x080001d0       0x40 C:/ST/STM32CubeIDE_1.16.1/STM32CubeIDE/plugins/com.st.stm32cube.ide.mcu.externaltools.gnu-tools-for-stm32.12.3.rel1.win32_1.0.200.202406191623/tools/bin/../lib/gcc/arm-none-eabi/12.3.1/thumb/v7e-m+fp/hard/crtbegin.o
 .text          0x08000210       0xa0 C:/ST/STM32CubeIDE_1.16.1/STM32CubeIDE/plugins/com.st.stm32cube.ide.mcu.externaltools.gnu-tools-for-stm32.12.3.rel1.win32_1.0.200.202406191623/tools/bin/../lib/gcc/arm-none-eabi/12.3.1/../../../../arm-none-eabi/lib/thumb/v7e-m+fp/hard\libc_nano.a(libc_a-memchr.o)
                0x08000210                memchr
 .text          0x080002b0       0x10 C:/ST/STM32CubeIDE_1.16.1/STM32CubeIDE/plugins/com.st.stm32cube.ide.mcu.externaltools.gnu-tools-for-stm32.12.3.rel1.win32_1.0.200.202406191623/tools/bin/../lib/gcc/arm-none-eabi/12.3.1/../../../../arm-none-eabi/lib/thumb/v7e-m+fp/hard\libc_nano.a(libc_a-strlen.o)
                0x080002b0                strlen
 .text          0x080002c0      0x378 C:/ST/STM32CubeIDE_1.16.1/STM32CubeIDE/plugins/com.st.stm32cube.ide.mcu.externaltools.gnu-tools-for-stm32.12.3.rel1.win32_1.0.200.202406191623/tools/bin/../lib/gcc/arm-none-eabi/12.3.1/thumb/v7e-m+fp/hard\libgcc.a(_arm_addsubdf3.o)
                0x080002c0                __aeabi_drsub
                0x080002c8                __aeabi_dsub
                0x080002c8                __subdf3
                0x080002cc                __aeabi_dadd
                0x080002cc                __adddf3
                0x08000544                __floatunsidf
                0x08000544                __aeabi_ui2d
                0x08000564                __floatsidf
                0x08000564                __aeabi_i2d
                0x08000588                __aeabi_f2d
                0x08000588                __extendsfdf2
                0x080005cc                __floatundidf
                0x080005cc                __aeabi_ul2d
                0x080005dc                __floatdidf
                0x080005dc                __aeabi_l2d
 .text          0x08000638      0x424 C:/ST/STM32CubeIDE_1.16.1/STM32CubeIDE/plugins/com.st.stm32cube.ide.mcu.externaltools.gnu-tools-for-stm32.12.3.rel1.win32_1.0.200.202406191623/tools/bin/../lib/gcc/arm-none-eabi/12.3.1/thumb/v7e-m+fp/hard\libgcc.a(_arm_muldivdf3.o)
                0x08000638                __aeabi_dmul
                0x08000638                __muldf3
                0x0800088c                __divdf3
                0x0800088c                __aeabi_ddiv
 .text          0x08000a5c      0x110 C:/ST/STM32CubeIDE_1.16.1/STM32CubeIDE/plugins/com.st.stm32cube.ide.mcu.externaltools.gnu-tools-for-stm32.12.3.rel1.win32_1.0.200.202406191623/tools/bin/../lib/gcc/arm-none-eabi/12.3.1/thumb/v7e-m+fp/hard\libgcc.a(_arm_cmpdf2.o)
                0x08000a5c                __gtdf2
                0x08000a5c                __gedf2
                0x08000a64                __ltdf2
                0x08000a64                __ledf2
                0x08000a6c                __nedf2
                0x08000a6c                __eqdf2
                0x08000a6c                __cmpdf2
                0x08000ae8                __aeabi_cdrcmple
                0x08000af8                __aeabi_cdcmpeq
                0x08000af8                __aeabi_cdcmple
                0x08000b08                __aeabi_dcmpeq
                0x08000b1c                __aeabi_dcmplt
                0x08000b30                __aeabi_dcmple
                0x08000b44                __aeabi_dcmpge
                0x08000b58                __aeabi_dcmpgt
 .text          0x08000b6c       0x2c C:/ST/STM32CubeIDE_1.16.1/STM32CubeIDE/plugins/com.st.stm32cube.ide.mcu.externaltools.gnu-tools-for-stm32.12.3.rel1.win32_1.0.200.202406191623/tools/bin/../lib/gcc/arm-none-eabi/12.3.1/thumb/v7e-m+fp/hard\libgcc.a(_arm_unorddf2.o)
                0x08000b6c                __unorddf2
                0x08000b6c                __aeabi_dcmpun
 .text          0x08000b98       0x50 C:/ST/STM32CubeIDE_1.16.1/STM32CubeIDE/plugins/com.st.stm32cube.ide.mcu.externaltools.gnu-tools-for-stm32.12.3.rel1.win32_1.0.200.202406191623/tools/bin/../lib/gcc/arm-none-eabi/12.3.1/thumb/v7e-m+fp/hard\libgcc.a(_arm_fixdfsi.o)
                0x08000b98                __aeabi_d2iz
                0x08000b98                __fixdfsi
 .text          0x08000be8       0x40 C:/ST/STM32CubeIDE_1.16.1/STM32CubeIDE/plugins/com.st.stm32cube.ide.mcu.externaltools.gnu-tools-for-stm32.12.3.rel1.win32_1.0.200.202406191623/tools/bin/../lib/gcc/arm-none-eabi/12.3.1/thumb/v7e-m+fp/hard\libgcc.a(_arm_fixunsdfsi.o)
                0x08000be8                __aeabi_d2uiz
                0x08000be8                __fixunsdfsi
 .text          0x08000c28       0xa0 C:/ST/STM32CubeIDE_1.16.1/STM32CubeIDE/plugins/com.st.stm32cube.ide.mcu.externaltools.gnu-tools-for-stm32.12.3.rel1.win32_1.0.200.202406191623/tools/bin/../lib/gcc/arm-none-eabi/12.3.1/thumb/v7e-m+fp/hard\libgcc.a(_arm_truncdfsf2.o)
                0x08000c28                __truncdfsf2
                0x08000c28                __aeabi_d2f
 .text          0x08000cc8       0x30 C:/ST/STM32CubeIDE_1.16.1/STM32CubeIDE/plugins/com.st.stm32cube.ide.mcu.externaltools.gnu-tools-for-stm32.12.3.rel1.win32_1.0.200.202406191623/tools/bin/../lib/gcc/arm-none-eabi/12.3.1/thumb/v7e-m+fp/hard\libgcc.a(_aeabi_uldivmod.o)
                0x08000cc8                __aeabi_uldivmod
 .text          0x08000cf8       0x30 C:/ST/STM32CubeIDE_1.16.1/STM32CubeIDE/plugins/com.st.stm32cube.ide.mcu.externaltools.gnu-tools-for-stm32.12.3.rel1.win32_1.0.200.202406191623/tools/bin/../lib/gcc/arm-none-eabi/12.3.1/thumb/v7e-m+fp/hard\libgcc.a(_fixdfdi.o)
                0x08000cf8                __fixdfdi
                0x08000cf8                __aeabi_d2lz
 .text          0x08000d28       0x3c C:/ST/STM32CubeIDE_1.16.1/STM32CubeIDE/plugins/com.st.stm32cube.ide.mcu.externaltools.gnu-tools-for-stm32.12.3.rel1.win32_1.0.200.202406191623/tools/bin/../lib/gcc/arm-none-eabi/12.3.1/thumb/v7e-m+fp/hard\libgcc.a(_fixunsdfdi.o)
                0x08000d28                __fixunsdfdi
                0x08000d28                __aeabi_d2ulz
 .text          0x08000d64      0x2bc C:/ST/STM32CubeIDE_1.16.1/STM32CubeIDE/plugins/com.st.stm32cube.ide.mcu.externaltools.gnu-tools-for-stm32.12.3.rel1.win32_1.0.200.202406191623/tools/bin/../lib/gcc/arm-none-eabi/12.3.1/thumb/v7e-m+fp/hard\libgcc.a(_udivmoddi4.o)
                0x08000d64                __udivmoddi4
 .text          0x08001020        0x4 C:/ST/STM32CubeIDE_1.16.1/STM32CubeIDE/plugins/com.st.stm32cube.ide.mcu.externaltools.gnu-tools-for-stm32.12.3.rel1.win32_1.0.200.202406191623/tools/bin/../lib/gcc/arm-none-eabi/12.3.1/thumb/v7e-m+fp/hard\libgcc.a(_dvmd_tls.o)
                0x08001020                __aeabi_idiv0
                0x08001020                __aeabi_ldiv0
 *(.text*)
 .text.bmp2_init
                0x08001024       0x56 ./Components/Src/bmp2.o
                0x08001024                bmp2_init
 .text.bmp2_get_regs
                0x0800107a       0x70 ./Components/Src/bmp2.o
                0x0800107a                bmp2_get_regs
 .text.bmp2_set_regs
                0x080010ea       0xe4 ./Components/Src/bmp2.o
                0x080010ea                bmp2_set_regs
 .text.bmp2_soft_reset
                0x080011ce       0x30 ./Components/Src/bmp2.o
                0x080011ce                bmp2_soft_reset
 .text.bmp2_get_config
                0x080011fe       0x80 ./Components/Src/bmp2.o
                0x080011fe                bmp2_get_config
 .text.bmp2_set_config
                0x0800127e       0x1e ./Components/Src/bmp2.o
                0x0800127e                bmp2_set_config
 .text.bmp2_get_status
                0x0800129c       0x58 ./Components/Src/bmp2.o
                0x0800129c                bmp2_get_status
 .text.bmp2_set_power_mode
                0x080012f4       0x2a ./Components/Src/bmp2.o
                0x080012f4                bmp2_set_power_mode
 .text.bmp2_get_sensor_data
                0x0800131e       0x7c ./Components/Src/bmp2.o
                0x0800131e                bmp2_get_sensor_data
 .text.bmp2_compensate_data
                0x0800139a       0x82 ./Components/Src/bmp2.o
                0x0800139a                bmp2_compensate_data
 .text.bmp2_compute_meas_time
                0x0800141c       0xa4 ./Components/Src/bmp2.o
                0x0800141c                bmp2_compute_meas_time
 .text.null_ptr_check
                0x080014c0       0x40 ./Components/Src/bmp2.o
 .text.interleave_data
                0x08001500       0x56 ./Components/Src/bmp2.o
 .text.get_calib_param
                0x08001556      0x136 ./Components/Src/bmp2.o
 .text.conf_sensor
                0x0800168c      0x118 ./Components/Src/bmp2.o
 .text.set_os_mode
                0x080017a4      0x138 ./Components/Src/bmp2.o
 .text.parse_sensor_data
                0x080018dc       0x86 ./Components/Src/bmp2.o
 *fill*         0x08001962        0x2 
 .text.compensate_temperature
                0x08001964      0x1ec ./Components/Src/bmp2.o
 .text.compensate_pressure
                0x08001b50      0x3c8 ./Components/Src/bmp2.o
 .text.st_check_boundaries
                0x08001f18       0x8c ./Components/Src/bmp2.o
 .text.BMP2_Init
                0x08001fa4       0x70 ./Components/Src/bmp2_config.o
                0x08001fa4                BMP2_Init
 .text.bmp2_spi_read
                0x08002014       0x80 ./Components/Src/bmp2_config.o
                0x08002014                bmp2_spi_read
 .text.bmp2_spi_write
                0x08002094       0x80 ./Components/Src/bmp2_config.o
                0x08002094                bmp2_spi_write
 .text.bmp2_delay_us
                0x08002114       0x28 ./Components/Src/bmp2_config.o
                0x08002114                bmp2_delay_us
 .text.BMP2_ReadData
                0x0800213c       0xc8 ./Components/Src/bmp2_config.o
                0x0800213c                BMP2_ReadData
 .text.FAN_PWM_Init
                0x08002204       0x40 ./Components/Src/fan.o
                0x08002204                FAN_PWM_Init
 .text.FAN_PWM_WriteDuty
                0x08002244       0xbc ./Components/Src/fan.o
                0x08002244                FAN_PWM_WriteDuty
 .text.HEATER_PWM_Init
                0x08002300       0x40 ./Components/Src/heater.o
                0x08002300                HEATER_PWM_Init
 .text.HEATER_PWM_WriteDuty
                0x08002340       0x4c ./Components/Src/heater.o
                0x08002340                HEATER_PWM_WriteDuty
 .text.PWM_Init
                0x0800238c       0x30 ./Components/Src/pwm.o
                0x0800238c                PWM_Init
 .text.PWM_WriteDuty
                0x080023bc       0xec ./Components/Src/pwm.o
                0x080023bc                PWM_WriteDuty
 .text.LCD_Init
                0x080024a8       0x5c ./Core/Src/LCD_HD44780.o
                0x080024a8                LCD_Init
 .text.LCD_Command
                0x08002504       0x30 ./Core/Src/LCD_HD44780.o
                0x08002504                LCD_Command
 .text.LCD_WriteData
                0x08002534       0x30 ./Core/Src/LCD_HD44780.o
                0x08002534                LCD_WriteData
 .text.LCD_SendNibble
                0x08002564       0xa4 ./Core/Src/LCD_HD44780.o
                0x08002564                LCD_SendNibble
 .text.LCD_SendByte
                0x08002608       0x2c ./Core/Src/LCD_HD44780.o
                0x08002608                LCD_SendByte
 .text.LCD_Clear
                0x08002634        0xe ./Core/Src/LCD_HD44780.o
                0x08002634                LCD_Clear
 .text.LCD_SetCursor
                0x08002642       0x34 ./Core/Src/LCD_HD44780.o
                0x08002642                LCD_SetCursor
 .text.LCD_Print
                0x08002676       0x2a ./Core/Src/LCD_HD44780.o
                0x08002676                LCD_Print
 .text.LCD_CreateCustomChar
                0x080026a0       0x46 ./Core/Src/LCD_HD44780.o
                0x080026a0                LCD_CreateCustomChar
 *fill*         0x080026e6        0x2 
 .text.SELECT   0x080026e8       0x1c ./Core/Src/fatfs_sd.o
 .text.DESELECT
                0x08002704       0x1c ./Core/Src/fatfs_sd.o
 .text.SPI_TxByte
                0x08002720       0x34 ./Core/Src/fatfs_sd.o
 .text.SPI_TxBuffer
                0x08002754       0x34 ./Core/Src/fatfs_sd.o
 .text.SPI_RxByte
                0x08002788       0x38 ./Core/Src/fatfs_sd.o
 .text.SPI_RxBytePtr
                0x080027c0       0x1c ./Core/Src/fatfs_sd.o
 .text.SD_ReadyWait
                0x080027dc       0x34 ./Core/Src/fatfs_sd.o
 .text.SD_PowerOn
                0x08002810       0x84 ./Core/Src/fatfs_sd.o
 .text.SD_PowerOff
                0x08002894       0x18 ./Core/Src/fatfs_sd.o
 .text.SD_CheckPower
                0x080028ac       0x18 ./Core/Src/fatfs_sd.o
 .text.SD_RxDataBlock
                0x080028c4       0x5c ./Core/Src/fatfs_sd.o
 .text.SD_TxDataBlock
                0x08002920       0x86 ./Core/Src/fatfs_sd.o
 .text.SD_SendCmd
                0x080029a6       0xa8 ./Core/Src/fatfs_sd.o
 *fill*         0x08002a4e        0x2 
 .text.SD_disk_initialize
                0x08002a50      0x1cc ./Core/Src/fatfs_sd.o
                0x08002a50                SD_disk_initialize
 .text.SD_disk_status
                0x08002c1c       0x2c ./Core/Src/fatfs_sd.o
                0x08002c1c                SD_disk_status
 .text.SD_disk_read
                0x08002c48       0xd4 ./Core/Src/fatfs_sd.o
                0x08002c48                SD_disk_read
 .text.SD_disk_write
                0x08002d1c      0x108 ./Core/Src/fatfs_sd.o
                0x08002d1c                SD_disk_write
 .text.SD_disk_ioctl
                0x08002e24      0x254 ./Core/Src/fatfs_sd.o
                0x08002e24                SD_disk_ioctl
 .text.MX_GPIO_Init
                0x08003078      0x338 ./Core/Src/gpio.o
                0x08003078                MX_GPIO_Init
 .text.__io_putchar
                0x080033b0       0x24 ./Core/Src/main.o
                0x080033b0                __io_putchar
 .text._write   0x080033d4       0x38 ./Core/Src/main.o
                0x080033d4                _write
 .text.HAL_UART_RxCpltCallback
                0x0800340c       0x30 ./Core/Src/main.o
                0x0800340c                HAL_UART_RxCpltCallback
 .text.calculate_crc
                0x0800343c       0x78 ./Core/Src/main.o
                0x0800343c                calculate_crc
 .text.process_user_input
                0x080034b4       0xa8 ./Core/Src/main.o
                0x080034b4                process_user_input
 .text.format_time
                0x0800355c       0x84 ./Core/Src/main.o
                0x0800355c                format_time
 .text.send_temperature_data_with_time
                0x080035e0       0xdc ./Core/Src/main.o
                0x080035e0                send_temperature_data_with_time
 *fill*         0x080036bc        0x4 
 .text.main     0x080036c0      0x408 ./Core/Src/main.o
                0x080036c0                main
 .text.SystemClock_Config
                0x08003ac8       0xdc ./Core/Src/main.o
                0x08003ac8                SystemClock_Config
 .text.Error_Handler
                0x08003ba4        0xc ./Core/Src/main.o
                0x08003ba4                Error_Handler
 .text.PID_Init
                0x08003bb0       0x54 ./Core/Src/pid_control.o
                0x08003bb0                PID_Init
 .text.PID_Update
                0x08003c04       0x34 ./Core/Src/pid_control.o
                0x08003c04                PID_Update
 .text.PID_Calculate
                0x08003c38      0x154 ./Core/Src/pid_control.o
                0x08003c38                PID_Calculate
 .text.MX_SPI4_Init
                0x08003d8c       0x7c ./Core/Src/spi.o
                0x08003d8c                MX_SPI4_Init
 .text.HAL_SPI_MspInit
                0x08003e08       0x88 ./Core/Src/spi.o
                0x08003e08                HAL_SPI_MspInit
 .text.HAL_MspInit
                0x08003e90       0x48 ./Core/Src/stm32f7xx_hal_msp.o
                0x08003e90                HAL_MspInit
 .text.NMI_Handler
                0x08003ed8        0x8 ./Core/Src/stm32f7xx_it.o
                0x08003ed8                NMI_Handler
 .text.HardFault_Handler
                0x08003ee0        0x8 ./Core/Src/stm32f7xx_it.o
                0x08003ee0                HardFault_Handler
 .text.MemManage_Handler
                0x08003ee8        0x8 ./Core/Src/stm32f7xx_it.o
                0x08003ee8                MemManage_Handler
 .text.BusFault_Handler
                0x08003ef0        0x8 ./Core/Src/stm32f7xx_it.o
                0x08003ef0                BusFault_Handler
 .text.UsageFault_Handler
                0x08003ef8        0x8 ./Core/Src/stm32f7xx_it.o
                0x08003ef8                UsageFault_Handler
 .text.SVC_Handler
                0x08003f00        0xe ./Core/Src/stm32f7xx_it.o
                0x08003f00                SVC_Handler
 .text.DebugMon_Handler
                0x08003f0e        0xe ./Core/Src/stm32f7xx_it.o
                0x08003f0e                DebugMon_Handler
 .text.PendSV_Handler
                0x08003f1c        0xe ./Core/Src/stm32f7xx_it.o
                0x08003f1c                PendSV_Handler
 .text.SysTick_Handler
                0x08003f2a        0xc ./Core/Src/stm32f7xx_it.o
                0x08003f2a                SysTick_Handler
 *fill*         0x08003f36        0x2 
 .text.USART3_IRQHandler
                0x08003f38       0x14 ./Core/Src/stm32f7xx_it.o
                0x08003f38                USART3_IRQHandler
 .text._getpid  0x08003f4c       0x10 ./Core/Src/syscalls.o
                0x08003f4c                _getpid
 .text._kill    0x08003f5c       0x20 ./Core/Src/syscalls.o
                0x08003f5c                _kill
 .text._exit    0x08003f7c       0x16 ./Core/Src/syscalls.o
                0x08003f7c                _exit
 .text._read    0x08003f92       0x3a ./Core/Src/syscalls.o
                0x08003f92                _read
 .text._close   0x08003fcc       0x18 ./Core/Src/syscalls.o
                0x08003fcc                _close
 .text._fstat   0x08003fe4       0x20 ./Core/Src/syscalls.o
                0x08003fe4                _fstat
 .text._isatty  0x08004004       0x16 ./Core/Src/syscalls.o
                0x08004004                _isatty
 .text._lseek   0x0800401a       0x1a ./Core/Src/syscalls.o
                0x0800401a                _lseek
 .text._sbrk    0x08004034       0x6c ./Core/Src/sysmem.o
                0x08004034                _sbrk
 .text.SystemInit
                0x080040a0       0x24 ./Core/Src/system_stm32f7xx.o
                0x080040a0                SystemInit
 .text.MX_TIM2_Init
                0x080040c4       0xec ./Core/Src/tim.o
                0x080040c4                MX_TIM2_Init
 .text.MX_TIM3_Init
                0x080041b0       0xb4 ./Core/Src/tim.o
                0x080041b0                MX_TIM3_Init
 .text.MX_TIM7_Init
                0x08004264       0x70 ./Core/Src/tim.o
                0x08004264                MX_TIM7_Init
 .text.HAL_TIM_Base_MspInit
                0x080042d4       0x64 ./Core/Src/tim.o
                0x080042d4                HAL_TIM_Base_MspInit
 .text.HAL_TIM_PWM_MspInit
                0x08004338       0x40 ./Core/Src/tim.o
                0x08004338                HAL_TIM_PWM_MspInit
 .text.HAL_TIM_MspPostInit
                0x08004378       0xb4 ./Core/Src/tim.o
                0x08004378                HAL_TIM_MspPostInit
 .text.MX_USART3_UART_Init
                0x0800442c       0x60 ./Core/Src/usart.o
                0x0800442c                MX_USART3_UART_Init
 .text.HAL_UART_MspInit
                0x0800448c       0xd0 ./Core/Src/usart.o
                0x0800448c                HAL_UART_MspInit
 .text.Reset_Handler
                0x0800455c       0x50 ./Core/Startup/startup_stm32f746zgtx.o
                0x0800455c                Reset_Handler
 .text.Default_Handler
                0x080045ac        0x2 ./Core/Startup/startup_stm32f746zgtx.o
                0x080045ac                RTC_Alarm_IRQHandler
                0x080045ac                EXTI2_IRQHandler
                0x080045ac                TIM8_CC_IRQHandler
                0x080045ac                UART8_IRQHandler
                0x080045ac                SPI4_IRQHandler
                0x080045ac                TIM1_CC_IRQHandler
                0x080045ac                DMA2_Stream5_IRQHandler
                0x080045ac                DMA1_Stream5_IRQHandler
                0x080045ac                PVD_IRQHandler
                0x080045ac                TAMP_STAMP_IRQHandler
                0x080045ac                CAN2_RX1_IRQHandler
                0x080045ac                EXTI3_IRQHandler
                0x080045ac                TIM8_TRG_COM_TIM14_IRQHandler
                0x080045ac                TIM1_UP_TIM10_IRQHandler
                0x080045ac                TIM8_UP_TIM13_IRQHandler
                0x080045ac                I2C3_ER_IRQHandler
                0x080045ac                EXTI0_IRQHandler
                0x080045ac                I2C2_EV_IRQHandler
                0x080045ac                DMA1_Stream2_IRQHandler
                0x080045ac                CAN1_RX0_IRQHandler
                0x080045ac                FPU_IRQHandler
                0x080045ac                OTG_HS_WKUP_IRQHandler
                0x080045ac                LTDC_ER_IRQHandler
                0x080045ac                CAN2_SCE_IRQHandler
                0x080045ac                DMA2_Stream2_IRQHandler
                0x080045ac                SPI1_IRQHandler
                0x080045ac                TIM6_DAC_IRQHandler
                0x080045ac                TIM1_BRK_TIM9_IRQHandler
                0x080045ac                DCMI_IRQHandler
                0x080045ac                CAN2_RX0_IRQHandler
                0x080045ac                DMA2_Stream3_IRQHandler
                0x080045ac                SAI2_IRQHandler
                0x080045ac                USART6_IRQHandler
                0x080045ac                CAN1_RX1_IRQHandler
                0x080045ac                UART5_IRQHandler
                0x080045ac                DMA2_Stream0_IRQHandler
                0x080045ac                TIM4_IRQHandler
                0x080045ac                QUADSPI_IRQHandler
                0x080045ac                I2C1_EV_IRQHandler
                0x080045ac                DMA1_Stream6_IRQHandler
                0x080045ac                DMA1_Stream1_IRQHandler
                0x080045ac                UART4_IRQHandler
                0x080045ac                TIM3_IRQHandler
                0x080045ac                RCC_IRQHandler
                0x080045ac                TIM8_BRK_TIM12_IRQHandler
                0x080045ac                Default_Handler
                0x080045ac                CEC_IRQHandler
                0x080045ac                EXTI15_10_IRQHandler
                0x080045ac                ADC_IRQHandler
                0x080045ac                DMA1_Stream7_IRQHandler
                0x080045ac                SPI5_IRQHandler
                0x080045ac                TIM7_IRQHandler
                0x080045ac                SDMMC1_IRQHandler
                0x080045ac                CAN2_TX_IRQHandler
                0x080045ac                TIM5_IRQHandler
                0x080045ac                DMA2_Stream7_IRQHandler
                0x080045ac                I2C3_EV_IRQHandler
                0x080045ac                EXTI9_5_IRQHandler
                0x080045ac                RTC_WKUP_IRQHandler
                0x080045ac                LTDC_IRQHandler
                0x080045ac                ETH_WKUP_IRQHandler
                0x080045ac                SPDIF_RX_IRQHandler
                0x080045ac                SPI2_IRQHandler
                0x080045ac                OTG_HS_EP1_IN_IRQHandler
                0x080045ac                DMA1_Stream0_IRQHandler
                0x080045ac                CAN1_TX_IRQHandler
                0x080045ac                EXTI4_IRQHandler
                0x080045ac                RNG_IRQHandler
                0x080045ac                ETH_IRQHandler
                0x080045ac                OTG_HS_EP1_OUT_IRQHandler
                0x080045ac                WWDG_IRQHandler
                0x080045ac                SPI6_IRQHandler
                0x080045ac                I2C4_EV_IRQHandler
                0x080045ac                TIM2_IRQHandler
                0x080045ac                OTG_FS_WKUP_IRQHandler
                0x080045ac                TIM1_TRG_COM_TIM11_IRQHandler
                0x080045ac                OTG_HS_IRQHandler
                0x080045ac                DMA2D_IRQHandler
                0x080045ac                EXTI1_IRQHandler
                0x080045ac                UART7_IRQHandler
                0x080045ac                USART2_IRQHandler
                0x080045ac                I2C2_ER_IRQHandler
                0x080045ac                DMA2_Stream1_IRQHandler
                0x080045ac                CAN1_SCE_IRQHandler
                0x080045ac                FLASH_IRQHandler
                0x080045ac                DMA2_Stream4_IRQHandler
                0x080045ac                USART1_IRQHandler
                0x080045ac                OTG_FS_IRQHandler
                0x080045ac                SPI3_IRQHandler
                0x080045ac                DMA1_Stream4_IRQHandler
                0x080045ac                I2C1_ER_IRQHandler
                0x080045ac                FMC_IRQHandler
                0x080045ac                LPTIM1_IRQHandler
                0x080045ac                I2C4_ER_IRQHandler
                0x080045ac                DMA2_Stream6_IRQHandler
                0x080045ac                SAI1_IRQHandler
                0x080045ac                DMA1_Stream3_IRQHandler
 .text.HAL_Init
                0x080045ae       0x1a ./Drivers/STM32F7xx_HAL_Driver/stm32f7xx_hal.o
                0x080045ae                HAL_Init
 .text.HAL_InitTick
                0x080045c8       0x60 ./Drivers/STM32F7xx_HAL_Driver/stm32f7xx_hal.o
                0x080045c8                HAL_InitTick
 .text.HAL_IncTick
                0x08004628       0x28 ./Drivers/STM32F7xx_HAL_Driver/stm32f7xx_hal.o
                0x08004628                HAL_IncTick
 .text.HAL_GetTick
                0x08004650       0x18 ./Drivers/STM32F7xx_HAL_Driver/stm32f7xx_hal.o
                0x08004650                HAL_GetTick
 .text.HAL_Delay
                0x08004668       0x48 ./Drivers/STM32F7xx_HAL_Driver/stm32f7xx_hal.o
                0x08004668                HAL_Delay
 .text.__NVIC_SetPriorityGrouping
                0x080046b0       0x48 ./Drivers/STM32F7xx_HAL_Driver/stm32f7xx_hal_cortex.o
 .text.__NVIC_GetPriorityGrouping
                0x080046f8       0x1c ./Drivers/STM32F7xx_HAL_Driver/stm32f7xx_hal_cortex.o
 .text.__NVIC_EnableIRQ
                0x08004714       0x3c ./Drivers/STM32F7xx_HAL_Driver/stm32f7xx_hal_cortex.o
 .text.__NVIC_SetPriority
                0x08004750       0x54 ./Drivers/STM32F7xx_HAL_Driver/stm32f7xx_hal_cortex.o
 .text.NVIC_EncodePriority
                0x080047a4       0x66 ./Drivers/STM32F7xx_HAL_Driver/stm32f7xx_hal_cortex.o
 *fill*         0x0800480a        0x2 
 .text.SysTick_Config
                0x0800480c       0x44 ./Drivers/STM32F7xx_HAL_Driver/stm32f7xx_hal_cortex.o
 .text.HAL_NVIC_SetPriorityGrouping
                0x08004850       0x16 ./Drivers/STM32F7xx_HAL_Driver/stm32f7xx_hal_cortex.o
                0x08004850                HAL_NVIC_SetPriorityGrouping
 .text.HAL_NVIC_SetPriority
                0x08004866       0x38 ./Drivers/STM32F7xx_HAL_Driver/stm32f7xx_hal_cortex.o
                0x08004866                HAL_NVIC_SetPriority
 .text.HAL_NVIC_EnableIRQ
                0x0800489e       0x1c ./Drivers/STM32F7xx_HAL_Driver/stm32f7xx_hal_cortex.o
                0x0800489e                HAL_NVIC_EnableIRQ
 .text.HAL_SYSTICK_Config
                0x080048ba       0x18 ./Drivers/STM32F7xx_HAL_Driver/stm32f7xx_hal_cortex.o
                0x080048ba                HAL_SYSTICK_Config
 .text.HAL_DMA_Abort
                0x080048d2       0xe0 ./Drivers/STM32F7xx_HAL_Driver/stm32f7xx_hal_dma.o
                0x080048d2                HAL_DMA_Abort
 .text.HAL_DMA_Abort_IT
                0x080049b2       0x44 ./Drivers/STM32F7xx_HAL_Driver/stm32f7xx_hal_dma.o
                0x080049b2                HAL_DMA_Abort_IT
 *fill*         0x080049f6        0x2 
 .text.HAL_GPIO_Init
                0x080049f8      0x358 ./Drivers/STM32F7xx_HAL_Driver/stm32f7xx_hal_gpio.o
                0x080049f8                HAL_GPIO_Init
 .text.HAL_GPIO_ReadPin
                0x08004d50       0x30 ./Drivers/STM32F7xx_HAL_Driver/stm32f7xx_hal_gpio.o
                0x08004d50                HAL_GPIO_ReadPin
 .text.HAL_GPIO_WritePin
                0x08004d80       0x32 ./Drivers/STM32F7xx_HAL_Driver/stm32f7xx_hal_gpio.o
                0x08004d80                HAL_GPIO_WritePin
 .text.HAL_GPIO_TogglePin
                0x08004db2       0x34 ./Drivers/STM32F7xx_HAL_Driver/stm32f7xx_hal_gpio.o
                0x08004db2                HAL_GPIO_TogglePin
 *fill*         0x08004de6        0x2 
 .text.HAL_PWR_EnableBkUpAccess
                0x08004de8       0x20 ./Drivers/STM32F7xx_HAL_Driver/stm32f7xx_hal_pwr.o
                0x08004de8                HAL_PWR_EnableBkUpAccess
 .text.HAL_PWREx_EnableOverDrive
                0x08004e08       0xa0 ./Drivers/STM32F7xx_HAL_Driver/stm32f7xx_hal_pwr_ex.o
                0x08004e08                HAL_PWREx_EnableOverDrive
 .text.HAL_RCC_OscConfig
                0x08004ea8      0x548 ./Drivers/STM32F7xx_HAL_Driver/stm32f7xx_hal_rcc.o
                0x08004ea8                HAL_RCC_OscConfig
 .text.HAL_RCC_ClockConfig
                0x080053f0      0x1d8 ./Drivers/STM32F7xx_HAL_Driver/stm32f7xx_hal_rcc.o
                0x080053f0                HAL_RCC_ClockConfig
 .text.HAL_RCC_GetSysClockFreq
                0x080055c8      0x20c ./Drivers/STM32F7xx_HAL_Driver/stm32f7xx_hal_rcc.o
                0x080055c8                HAL_RCC_GetSysClockFreq
 .text.HAL_RCC_GetHCLKFreq
                0x080057d4       0x18 ./Drivers/STM32F7xx_HAL_Driver/stm32f7xx_hal_rcc.o
                0x080057d4                HAL_RCC_GetHCLKFreq
 .text.HAL_RCC_GetPCLK1Freq
                0x080057ec       0x28 ./Drivers/STM32F7xx_HAL_Driver/stm32f7xx_hal_rcc.o
                0x080057ec                HAL_RCC_GetPCLK1Freq
 .text.HAL_RCC_GetPCLK2Freq
                0x08005814       0x28 ./Drivers/STM32F7xx_HAL_Driver/stm32f7xx_hal_rcc.o
                0x08005814                HAL_RCC_GetPCLK2Freq
 .text.HAL_RCCEx_PeriphCLKConfig
                0x0800583c      0x7e0 ./Drivers/STM32F7xx_HAL_Driver/stm32f7xx_hal_rcc_ex.o
                0x0800583c                HAL_RCCEx_PeriphCLKConfig
 .text.HAL_SPI_Init
                0x0800601c      0x156 ./Drivers/STM32F7xx_HAL_Driver/stm32f7xx_hal_spi.o
                0x0800601c                HAL_SPI_Init
 .text.HAL_SPI_Transmit
                0x08006172      0x2ea ./Drivers/STM32F7xx_HAL_Driver/stm32f7xx_hal_spi.o
                0x08006172                HAL_SPI_Transmit
 .text.HAL_SPI_Receive
                0x0800645c      0x26e ./Drivers/STM32F7xx_HAL_Driver/stm32f7xx_hal_spi.o
                0x0800645c                HAL_SPI_Receive
 .text.HAL_SPI_TransmitReceive
                0x080066ca      0x444 ./Drivers/STM32F7xx_HAL_Driver/stm32f7xx_hal_spi.o
                0x080066ca                HAL_SPI_TransmitReceive
 *fill*         0x08006b0e        0x2 
 .text.SPI_WaitFlagStateUntilTimeout
                0x08006b10      0x110 ./Drivers/STM32F7xx_HAL_Driver/stm32f7xx_hal_spi.o
 .text.SPI_WaitFifoStateUntilTimeout
                0x08006c20      0x12c ./Drivers/STM32F7xx_HAL_Driver/stm32f7xx_hal_spi.o
 .text.SPI_EndRxTransaction
                0x08006d4c       0xf8 ./Drivers/STM32F7xx_HAL_Driver/stm32f7xx_hal_spi.o
 .text.SPI_EndRxTxTransaction
                0x08006e44       0xd4 ./Drivers/STM32F7xx_HAL_Driver/stm32f7xx_hal_spi.o
 .text.HAL_TIM_Base_Init
                0x08006f18       0xae ./Drivers/STM32F7xx_HAL_Driver/stm32f7xx_hal_tim.o
                0x08006f18                HAL_TIM_Base_Init
 *fill*         0x08006fc6        0x2 
 .text.HAL_TIM_Base_Start
                0x08006fc8       0xe0 ./Drivers/STM32F7xx_HAL_Driver/stm32f7xx_hal_tim.o
                0x08006fc8                HAL_TIM_Base_Start
 .text.HAL_TIM_PWM_Init
                0x080070a8       0xae ./Drivers/STM32F7xx_HAL_Driver/stm32f7xx_hal_tim.o
                0x080070a8                HAL_TIM_PWM_Init
 *fill*         0x08007156        0x2 
 .text.HAL_TIM_PWM_Start
                0x08007158      0x1f4 ./Drivers/STM32F7xx_HAL_Driver/stm32f7xx_hal_tim.o
                0x08007158                HAL_TIM_PWM_Start
 .text.HAL_TIM_PWM_ConfigChannel
                0x0800734c      0x228 ./Drivers/STM32F7xx_HAL_Driver/stm32f7xx_hal_tim.o
                0x0800734c                HAL_TIM_PWM_ConfigChannel
 .text.HAL_TIM_ConfigClockSource
                0x08007574      0x194 ./Drivers/STM32F7xx_HAL_Driver/stm32f7xx_hal_tim.o
                0x08007574                HAL_TIM_ConfigClockSource
 .text.TIM_Base_SetConfig
                0x08007708      0x158 ./Drivers/STM32F7xx_HAL_Driver/stm32f7xx_hal_tim.o
                0x08007708                TIM_Base_SetConfig
 .text.TIM_OC1_SetConfig
                0x08007860       0xe4 ./Drivers/STM32F7xx_HAL_Driver/stm32f7xx_hal_tim.o
 .text.TIM_OC2_SetConfig
                0x08007944       0xf0 ./Drivers/STM32F7xx_HAL_Driver/stm32f7xx_hal_tim.o
                0x08007944                TIM_OC2_SetConfig
 .text.TIM_OC3_SetConfig
                0x08007a34       0xec ./Drivers/STM32F7xx_HAL_Driver/stm32f7xx_hal_tim.o
 .text.TIM_OC4_SetConfig
                0x08007b20       0xb0 ./Drivers/STM32F7xx_HAL_Driver/stm32f7xx_hal_tim.o
 .text.TIM_OC5_SetConfig
                0x08007bd0       0xa4 ./Drivers/STM32F7xx_HAL_Driver/stm32f7xx_hal_tim.o
 .text.TIM_OC6_SetConfig
                0x08007c74       0xa8 ./Drivers/STM32F7xx_HAL_Driver/stm32f7xx_hal_tim.o
 .text.TIM_TI1_ConfigInputStage
                0x08007d1c       0x5e ./Drivers/STM32F7xx_HAL_Driver/stm32f7xx_hal_tim.o
 .text.TIM_TI2_ConfigInputStage
                0x08007d7a       0x60 ./Drivers/STM32F7xx_HAL_Driver/stm32f7xx_hal_tim.o
 .text.TIM_ITRx_SetConfig
                0x08007dda       0x36 ./Drivers/STM32F7xx_HAL_Driver/stm32f7xx_hal_tim.o
 .text.TIM_ETR_SetConfig
                0x08007e10       0x40 ./Drivers/STM32F7xx_HAL_Driver/stm32f7xx_hal_tim.o
                0x08007e10                TIM_ETR_SetConfig
 .text.TIM_CCxChannelCmd
                0x08007e50       0x4a ./Drivers/STM32F7xx_HAL_Driver/stm32f7xx_hal_tim.o
                0x08007e50                TIM_CCxChannelCmd
 *fill*         0x08007e9a        0x2 
 .text.HAL_TIMEx_MasterConfigSynchronization
                0x08007e9c      0x11c ./Drivers/STM32F7xx_HAL_Driver/stm32f7xx_hal_tim_ex.o
                0x08007e9c                HAL_TIMEx_MasterConfigSynchronization
 .text.HAL_UART_Init
                0x08007fb8       0x9c ./Drivers/STM32F7xx_HAL_Driver/stm32f7xx_hal_uart.o
                0x08007fb8                HAL_UART_Init
 .text.HAL_UART_Transmit
                0x08008054      0x112 ./Drivers/STM32F7xx_HAL_Driver/stm32f7xx_hal_uart.o
                0x08008054                HAL_UART_Transmit
 .text.HAL_UART_Receive_IT
                0x08008166       0x88 ./Drivers/STM32F7xx_HAL_Driver/stm32f7xx_hal_uart.o
                0x08008166                HAL_UART_Receive_IT
 *fill*         0x080081ee        0x2 
 .text.HAL_UART_IRQHandler
                0x080081f0      0x5a4 ./Drivers/STM32F7xx_HAL_Driver/stm32f7xx_hal_uart.o
                0x080081f0                HAL_UART_IRQHandler
 .text.HAL_UART_TxCpltCallback
                0x08008794       0x14 ./Drivers/STM32F7xx_HAL_Driver/stm32f7xx_hal_uart.o
                0x08008794                HAL_UART_TxCpltCallback
 .text.HAL_UART_ErrorCallback
                0x080087a8       0x14 ./Drivers/STM32F7xx_HAL_Driver/stm32f7xx_hal_uart.o
                0x080087a8                HAL_UART_ErrorCallback
 .text.HAL_UARTEx_RxEventCallback
                0x080087bc       0x18 ./Drivers/STM32F7xx_HAL_Driver/stm32f7xx_hal_uart.o
                0x080087bc                HAL_UARTEx_RxEventCallback
 .text.UART_SetConfig
                0x080087d4      0x4c8 ./Drivers/STM32F7xx_HAL_Driver/stm32f7xx_hal_uart.o
                0x080087d4                UART_SetConfig
 .text.UART_AdvFeatureConfig
                0x08008c9c      0x144 ./Drivers/STM32F7xx_HAL_Driver/stm32f7xx_hal_uart.o
                0x08008c9c                UART_AdvFeatureConfig
 .text.UART_CheckIdleState
                0x08008de0       0xae ./Drivers/STM32F7xx_HAL_Driver/stm32f7xx_hal_uart.o
                0x08008de0                UART_CheckIdleState
 .text.UART_WaitOnFlagUntilTimeout
                0x08008e8e       0xda ./Drivers/STM32F7xx_HAL_Driver/stm32f7xx_hal_uart.o
                0x08008e8e                UART_WaitOnFlagUntilTimeout
 .text.UART_Start_Receive_IT
                0x08008f68      0x18c ./Drivers/STM32F7xx_HAL_Driver/stm32f7xx_hal_uart.o
                0x08008f68                UART_Start_Receive_IT
 .text.UART_EndRxTransfer
                0x080090f4       0xc8 ./Drivers/STM32F7xx_HAL_Driver/stm32f7xx_hal_uart.o
 .text.UART_DMAAbortOnError
                0x080091bc       0x2c ./Drivers/STM32F7xx_HAL_Driver/stm32f7xx_hal_uart.o
 .text.UART_EndTransmit_IT
                0x080091e8       0x54 ./Drivers/STM32F7xx_HAL_Driver/stm32f7xx_hal_uart.o
 .text.UART_RxISR_8BIT
                0x0800923c      0x1a8 ./Drivers/STM32F7xx_HAL_Driver/stm32f7xx_hal_uart.o
 .text.UART_RxISR_16BIT
                0x080093e4      0x1a8 ./Drivers/STM32F7xx_HAL_Driver/stm32f7xx_hal_uart.o
 .text.MX_FATFS_Init
                0x0800958c       0x24 ./FATFS/App/fatfs.o
                0x0800958c                MX_FATFS_Init
 .text.get_fattime
                0x080095b0       0x10 ./FATFS/App/fatfs.o
                0x080095b0                get_fattime
 .text.USER_initialize
                0x080095c0       0x1c ./FATFS/Target/user_diskio.o
                0x080095c0                USER_initialize
 .text.USER_status
                0x080095dc       0x1c ./FATFS/Target/user_diskio.o
                0x080095dc                USER_status
 .text.USER_read
                0x080095f8       0x26 ./FATFS/Target/user_diskio.o
                0x080095f8                USER_read
 .text.USER_write
                0x0800961e       0x26 ./FATFS/Target/user_diskio.o
                0x0800961e                USER_write
 .text.USER_ioctl
                0x08009644       0x26 ./FATFS/Target/user_diskio.o
                0x08009644                USER_ioctl
 *fill*         0x0800966a        0x2 
 .text.ff_convert
                0x0800966c       0x78 ./Middlewares/FatFs/ccsbcs.o
                0x0800966c                ff_convert
 .text.ff_wtoupper
                0x080096e4      0x114 ./Middlewares/FatFs/ccsbcs.o
                0x080096e4                ff_wtoupper
 .text.disk_status
                0x080097f8       0x34 ./Middlewares/FatFs/diskio.o
                0x080097f8                disk_status
 .text.disk_initialize
                0x0800982c       0x4c ./Middlewares/FatFs/diskio.o
                0x0800982c                disk_initialize
 .text.disk_read
                0x08009878       0x40 ./Middlewares/FatFs/diskio.o
                0x08009878                disk_read
 .text.disk_write
                0x080098b8       0x40 ./Middlewares/FatFs/diskio.o
                0x080098b8                disk_write
 .text.disk_ioctl
                0x080098f8       0x3c ./Middlewares/FatFs/diskio.o
                0x080098f8                disk_ioctl
 .text.ld_word  0x08009934       0x30 ./Middlewares/FatFs/ff.o
 .text.ld_dword
                0x08009964       0x46 ./Middlewares/FatFs/ff.o
 .text.st_word  0x080099aa       0x36 ./Middlewares/FatFs/ff.o
 .text.st_dword
                0x080099e0       0x58 ./Middlewares/FatFs/ff.o
 .text.mem_cpy  0x08009a38       0x42 ./Middlewares/FatFs/ff.o
 .text.mem_set  0x08009a7a       0x36 ./Middlewares/FatFs/ff.o
 .text.mem_cmp  0x08009ab0       0x4e ./Middlewares/FatFs/ff.o
 .text.chk_chr  0x08009afe       0x36 ./Middlewares/FatFs/ff.o
 .text.chk_lock
                0x08009b34       0xb8 ./Middlewares/FatFs/ff.o
 .text.enq_lock
                0x08009bec       0x44 ./Middlewares/FatFs/ff.o
 .text.inc_lock
                0x08009c30      0x11c ./Middlewares/FatFs/ff.o
 .text.dec_lock
                0x08009d4c       0x78 ./Middlewares/FatFs/ff.o
 .text.clear_lock
                0x08009dc4       0x48 ./Middlewares/FatFs/ff.o
 .text.sync_window
                0x08009e0c       0x88 ./Middlewares/FatFs/ff.o
 .text.move_window
                0x08009e94       0x5a ./Middlewares/FatFs/ff.o
 *fill*         0x08009eee        0x2 
 .text.sync_fs  0x08009ef0       0xe0 ./Middlewares/FatFs/ff.o
 .text.clust2sect
                0x08009fd0       0x3e ./Middlewares/FatFs/ff.o
 .text.get_fat  0x0800a00e      0x1a6 ./Middlewares/FatFs/ff.o
 .text.put_fat  0x0800a1b4      0x234 ./Middlewares/FatFs/ff.o
 .text.remove_chain
                0x0800a3e8       0xca ./Middlewares/FatFs/ff.o
 .text.create_chain
                0x0800a4b2      0x130 ./Middlewares/FatFs/ff.o
 .text.clmt_clust
                0x0800a5e2       0x70 ./Middlewares/FatFs/ff.o
 .text.dir_sdi  0x0800a652      0x112 ./Middlewares/FatFs/ff.o
 .text.dir_next
                0x0800a764      0x1ac ./Middlewares/FatFs/ff.o
 .text.dir_alloc
                0x0800a910       0x8e ./Middlewares/FatFs/ff.o
 .text.ld_clust
                0x0800a99e       0x3e ./Middlewares/FatFs/ff.o
 .text.st_clust
                0x0800a9dc       0x40 ./Middlewares/FatFs/ff.o
 .text.cmp_lfn  0x0800aa1c       0xe0 ./Middlewares/FatFs/ff.o
 .text.put_lfn  0x0800aafc       0xd0 ./Middlewares/FatFs/ff.o
 .text.gen_numname
                0x0800abcc      0x11c ./Middlewares/FatFs/ff.o
 .text.sum_sfn  0x0800ace8       0x42 ./Middlewares/FatFs/ff.o
 .text.dir_find
                0x0800ad2a      0x180 ./Middlewares/FatFs/ff.o
 *fill*         0x0800aeaa        0x2 
 .text.dir_register
                0x0800aeac      0x1f0 ./Middlewares/FatFs/ff.o
 .text.create_name
                0x0800b09c      0x370 ./Middlewares/FatFs/ff.o
 .text.follow_path
                0x0800b40c       0xec ./Middlewares/FatFs/ff.o
 .text.get_ldnumber
                0x0800b4f8       0x88 ./Middlewares/FatFs/ff.o
 .text.check_fs
                0x0800b580       0xac ./Middlewares/FatFs/ff.o
 .text.find_volume
                0x0800b62c      0x50c ./Middlewares/FatFs/ff.o
 .text.validate
                0x0800bb38       0x6a ./Middlewares/FatFs/ff.o
 *fill*         0x0800bba2        0x2 
 .text.f_mount  0x0800bba4       0x8c ./Middlewares/FatFs/ff.o
                0x0800bba4                f_mount
 .text.f_open   0x0800bc30      0x390 ./Middlewares/FatFs/ff.o
                0x0800bc30                f_open
 .text.f_write  0x0800bfc0      0x328 ./Middlewares/FatFs/ff.o
                0x0800bfc0                f_write
 .text.f_sync   0x0800c2e8       0xfc ./Middlewares/FatFs/ff.o
                0x0800c2e8                f_sync
 .text.f_close  0x0800c3e4       0x54 ./Middlewares/FatFs/ff.o
                0x0800c3e4                f_close
 .text.putc_bfd
                0x0800c438       0x7a ./Middlewares/FatFs/ff.o
 .text.putc_flush
                0x0800c4b2       0x4a ./Middlewares/FatFs/ff.o
 .text.putc_init
                0x0800c4fc       0x2a ./Middlewares/FatFs/ff.o
 .text.f_puts   0x0800c526       0x48 ./Middlewares/FatFs/ff.o
                0x0800c526                f_puts
 *fill*         0x0800c56e        0x2 
 .text.FATFS_LinkDriverEx
                0x0800c570       0x98 ./Middlewares/FatFs/ff_gen_drv.o
                0x0800c570                FATFS_LinkDriverEx
 .text.FATFS_LinkDriver
                0x0800c608       0x1e ./Middlewares/FatFs/ff_gen_drv.o
                0x0800c608                FATFS_LinkDriver
 .text.atof     0x0800c626        0x6 C:/ST/STM32CubeIDE_1.16.1/STM32CubeIDE/plugins/com.st.stm32cube.ide.mcu.externaltools.gnu-tools-for-stm32.12.3.rel1.win32_1.0.200.202406191623/tools/bin/../lib/gcc/arm-none-eabi/12.3.1/../../../../arm-none-eabi/lib/thumb/v7e-m+fp/hard\libc_nano.a(libc_a-atof.o)
                0x0800c626                atof
 .text.sulp     0x0800c62c       0x3c C:/ST/STM32CubeIDE_1.16.1/STM32CubeIDE/plugins/com.st.stm32cube.ide.mcu.externaltools.gnu-tools-for-stm32.12.3.rel1.win32_1.0.200.202406191623/tools/bin/../lib/gcc/arm-none-eabi/12.3.1/../../../../arm-none-eabi/lib/thumb/v7e-m+fp/hard\libc_nano.a(libc_a-strtod.o)
 .text._strtod_l
                0x0800c668      0xbc8 C:/ST/STM32CubeIDE_1.16.1/STM32CubeIDE/plugins/com.st.stm32cube.ide.mcu.externaltools.gnu-tools-for-stm32.12.3.rel1.win32_1.0.200.202406191623/tools/bin/../lib/gcc/arm-none-eabi/12.3.1/../../../../arm-none-eabi/lib/thumb/v7e-m+fp/hard\libc_nano.a(libc_a-strtod.o)
                0x0800c668                _strtod_l
 .text._strtod_r
                0x0800d230        0xc C:/ST/STM32CubeIDE_1.16.1/STM32CubeIDE/plugins/com.st.stm32cube.ide.mcu.externaltools.gnu-tools-for-stm32.12.3.rel1.win32_1.0.200.202406191623/tools/bin/../lib/gcc/arm-none-eabi/12.3.1/../../../../arm-none-eabi/lib/thumb/v7e-m+fp/hard\libc_nano.a(libc_a-strtod.o)
                0x0800d230                _strtod_r
 .text.strtod   0x0800d23c       0x18 C:/ST/STM32CubeIDE_1.16.1/STM32CubeIDE/plugins/com.st.stm32cube.ide.mcu.externaltools.gnu-tools-for-stm32.12.3.rel1.win32_1.0.200.202406191623/tools/bin/../lib/gcc/arm-none-eabi/12.3.1/../../../../arm-none-eabi/lib/thumb/v7e-m+fp/hard\libc_nano.a(libc_a-strtod.o)
                0x0800d23c                strtod
 .text.__cvt    0x0800d254       0xca C:/ST/STM32CubeIDE_1.16.1/STM32CubeIDE/plugins/com.st.stm32cube.ide.mcu.externaltools.gnu-tools-for-stm32.12.3.rel1.win32_1.0.200.202406191623/tools/bin/../lib/gcc/arm-none-eabi/12.3.1/../../../../arm-none-eabi/lib/thumb/v7e-m+fp/hard\libc_nano.a(libc_a-nano-vfprintf_float.o)
                0x0800d254                __cvt
 .text.__exponent
                0x0800d31e       0x74 C:/ST/STM32CubeIDE_1.16.1/STM32CubeIDE/plugins/com.st.stm32cube.ide.mcu.externaltools.gnu-tools-for-stm32.12.3.rel1.win32_1.0.200.202406191623/tools/bin/../lib/gcc/arm-none-eabi/12.3.1/../../../../arm-none-eabi/lib/thumb/v7e-m+fp/hard\libc_nano.a(libc_a-nano-vfprintf_float.o)
                0x0800d31e                __exponent
 *fill*         0x0800d392        0x2 
 .text._printf_float
                0x0800d394      0x454 C:/ST/STM32CubeIDE_1.16.1/STM32CubeIDE/plugins/com.st.stm32cube.ide.mcu.externaltools.gnu-tools-for-stm32.12.3.rel1.win32_1.0.200.202406191623/tools/bin/../lib/gcc/arm-none-eabi/12.3.1/../../../../arm-none-eabi/lib/thumb/v7e-m+fp/hard\libc_nano.a(libc_a-nano-vfprintf_float.o)
                0x0800d394                _printf_float
 .text._printf_common
                0x0800d7e8       0xda C:/ST/STM32CubeIDE_1.16.1/STM32CubeIDE/plugins/com.st.stm32cube.ide.mcu.externaltools.gnu-tools-for-stm32.12.3.rel1.win32_1.0.200.202406191623/tools/bin/../lib/gcc/arm-none-eabi/12.3.1/../../../../arm-none-eabi/lib/thumb/v7e-m+fp/hard\libc_nano.a(libc_a-nano-vfprintf_i.o)
                0x0800d7e8                _printf_common
 *fill*         0x0800d8c2        0x2 
 .text._printf_i
                0x0800d8c4      0x240 C:/ST/STM32CubeIDE_1.16.1/STM32CubeIDE/plugins/com.st.stm32cube.ide.mcu.externaltools.gnu-tools-for-stm32.12.3.rel1.win32_1.0.200.202406191623/tools/bin/../lib/gcc/arm-none-eabi/12.3.1/../../../../arm-none-eabi/lib/thumb/v7e-m+fp/hard\libc_nano.a(libc_a-nano-vfprintf_i.o)
                0x0800d8c4                _printf_i
 .text._scanf_float
                0x0800db04      0x428 C:/ST/STM32CubeIDE_1.16.1/STM32CubeIDE/plugins/com.st.stm32cube.ide.mcu.externaltools.gnu-tools-for-stm32.12.3.rel1.win32_1.0.200.202406191623/tools/bin/../lib/gcc/arm-none-eabi/12.3.1/../../../../arm-none-eabi/lib/thumb/v7e-m+fp/hard\libc_nano.a(libc_a-nano-vfscanf_float.o)
                0x0800db04                _scanf_float
 .text.std      0x0800df2c       0x6c C:/ST/STM32CubeIDE_1.16.1/STM32CubeIDE/plugins/com.st.stm32cube.ide.mcu.externaltools.gnu-tools-for-stm32.12.3.rel1.win32_1.0.200.202406191623/tools/bin/../lib/gcc/arm-none-eabi/12.3.1/../../../../arm-none-eabi/lib/thumb/v7e-m+fp/hard\libc_nano.a(libc_a-findfp.o)
 .text.stdio_exit_handler
                0x0800df98       0x18 C:/ST/STM32CubeIDE_1.16.1/STM32CubeIDE/plugins/com.st.stm32cube.ide.mcu.externaltools.gnu-tools-for-stm32.12.3.rel1.win32_1.0.200.202406191623/tools/bin/../lib/gcc/arm-none-eabi/12.3.1/../../../../arm-none-eabi/lib/thumb/v7e-m+fp/hard\libc_nano.a(libc_a-findfp.o)
 .text.cleanup_stdio
                0x0800dfb0       0x40 C:/ST/STM32CubeIDE_1.16.1/STM32CubeIDE/plugins/com.st.stm32cube.ide.mcu.externaltools.gnu-tools-for-stm32.12.3.rel1.win32_1.0.200.202406191623/tools/bin/../lib/gcc/arm-none-eabi/12.3.1/../../../../arm-none-eabi/lib/thumb/v7e-m+fp/hard\libc_nano.a(libc_a-findfp.o)
 .text.global_stdio_init.part.0
                0x0800dff0       0x3c C:/ST/STM32CubeIDE_1.16.1/STM32CubeIDE/plugins/com.st.stm32cube.ide.mcu.externaltools.gnu-tools-for-stm32.12.3.rel1.win32_1.0.200.202406191623/tools/bin/../lib/gcc/arm-none-eabi/12.3.1/../../../../arm-none-eabi/lib/thumb/v7e-m+fp/hard\libc_nano.a(libc_a-findfp.o)
 .text.__sfp_lock_acquire
                0x0800e02c        0xc C:/ST/STM32CubeIDE_1.16.1/STM32CubeIDE/plugins/com.st.stm32cube.ide.mcu.externaltools.gnu-tools-for-stm32.12.3.rel1.win32_1.0.200.202406191623/tools/bin/../lib/gcc/arm-none-eabi/12.3.1/../../../../arm-none-eabi/lib/thumb/v7e-m+fp/hard\libc_nano.a(libc_a-findfp.o)
                0x0800e02c                __sfp_lock_acquire
 .text.__sfp_lock_release
                0x0800e038        0xc C:/ST/STM32CubeIDE_1.16.1/STM32CubeIDE/plugins/com.st.stm32cube.ide.mcu.externaltools.gnu-tools-for-stm32.12.3.rel1.win32_1.0.200.202406191623/tools/bin/../lib/gcc/arm-none-eabi/12.3.1/../../../../arm-none-eabi/lib/thumb/v7e-m+fp/hard\libc_nano.a(libc_a-findfp.o)
                0x0800e038                __sfp_lock_release
 .text.__sinit  0x0800e044       0x30 C:/ST/STM32CubeIDE_1.16.1/STM32CubeIDE/plugins/com.st.stm32cube.ide.mcu.externaltools.gnu-tools-for-stm32.12.3.rel1.win32_1.0.200.202406191623/tools/bin/../lib/gcc/arm-none-eabi/12.3.1/../../../../arm-none-eabi/lib/thumb/v7e-m+fp/hard\libc_nano.a(libc_a-findfp.o)
                0x0800e044                __sinit
 .text._fwalk_sglue
                0x0800e074       0x3c C:/ST/STM32CubeIDE_1.16.1/STM32CubeIDE/plugins/com.st.stm32cube.ide.mcu.externaltools.gnu-tools-for-stm32.12.3.rel1.win32_1.0.200.202406191623/tools/bin/../lib/gcc/arm-none-eabi/12.3.1/../../../../arm-none-eabi/lib/thumb/v7e-m+fp/hard\libc_nano.a(libc_a-fwalk.o)
                0x0800e074                _fwalk_sglue
 .text.printf   0x0800e0b0       0x24 C:/ST/STM32CubeIDE_1.16.1/STM32CubeIDE/plugins/com.st.stm32cube.ide.mcu.externaltools.gnu-tools-for-stm32.12.3.rel1.win32_1.0.200.202406191623/tools/bin/../lib/gcc/arm-none-eabi/12.3.1/../../../../arm-none-eabi/lib/thumb/v7e-m+fp/hard\libc_nano.a(libc_a-printf.o)
                0x0800e0b0                iprintf
                0x0800e0b0                printf
 .text.snprintf
                0x0800e0d4       0x68 C:/ST/STM32CubeIDE_1.16.1/STM32CubeIDE/plugins/com.st.stm32cube.ide.mcu.externaltools.gnu-tools-for-stm32.12.3.rel1.win32_1.0.200.202406191623/tools/bin/../lib/gcc/arm-none-eabi/12.3.1/../../../../arm-none-eabi/lib/thumb/v7e-m+fp/hard\libc_nano.a(libc_a-snprintf.o)
                0x0800e0d4                sniprintf
                0x0800e0d4                snprintf
 .text.sprintf  0x0800e13c       0x40 C:/ST/STM32CubeIDE_1.16.1/STM32CubeIDE/plugins/com.st.stm32cube.ide.mcu.externaltools.gnu-tools-for-stm32.12.3.rel1.win32_1.0.200.202406191623/tools/bin/../lib/gcc/arm-none-eabi/12.3.1/../../../../arm-none-eabi/lib/thumb/v7e-m+fp/hard\libc_nano.a(libc_a-sprintf.o)
                0x0800e13c                siprintf
                0x0800e13c                sprintf
 .text.__sread  0x0800e17c       0x22 C:/ST/STM32CubeIDE_1.16.1/STM32CubeIDE/plugins/com.st.stm32cube.ide.mcu.externaltools.gnu-tools-for-stm32.12.3.rel1.win32_1.0.200.202406191623/tools/bin/../lib/gcc/arm-none-eabi/12.3.1/../../../../arm-none-eabi/lib/thumb/v7e-m+fp/hard\libc_nano.a(libc_a-stdio.o)
                0x0800e17c                __sread
 .text.__swrite
                0x0800e19e       0x38 C:/ST/STM32CubeIDE_1.16.1/STM32CubeIDE/plugins/com.st.stm32cube.ide.mcu.externaltools.gnu-tools-for-stm32.12.3.rel1.win32_1.0.200.202406191623/tools/bin/../lib/gcc/arm-none-eabi/12.3.1/../../../../arm-none-eabi/lib/thumb/v7e-m+fp/hard\libc_nano.a(libc_a-stdio.o)
                0x0800e19e                __swrite
 .text.__sseek  0x0800e1d6       0x24 C:/ST/STM32CubeIDE_1.16.1/STM32CubeIDE/plugins/com.st.stm32cube.ide.mcu.externaltools.gnu-tools-for-stm32.12.3.rel1.win32_1.0.200.202406191623/tools/bin/../lib/gcc/arm-none-eabi/12.3.1/../../../../arm-none-eabi/lib/thumb/v7e-m+fp/hard\libc_nano.a(libc_a-stdio.o)
                0x0800e1d6                __sseek
 .text.__sclose
                0x0800e1fa        0x8 C:/ST/STM32CubeIDE_1.16.1/STM32CubeIDE/plugins/com.st.stm32cube.ide.mcu.externaltools.gnu-tools-for-stm32.12.3.rel1.win32_1.0.200.202406191623/tools/bin/../lib/gcc/arm-none-eabi/12.3.1/../../../../arm-none-eabi/lib/thumb/v7e-m+fp/hard\libc_nano.a(libc_a-stdio.o)
                0x0800e1fa                __sclose
 .text.memset   0x0800e202       0x10 C:/ST/STM32CubeIDE_1.16.1/STM32CubeIDE/plugins/com.st.stm32cube.ide.mcu.externaltools.gnu-tools-for-stm32.12.3.rel1.win32_1.0.200.202406191623/tools/bin/../lib/gcc/arm-none-eabi/12.3.1/../../../../arm-none-eabi/lib/thumb/v7e-m+fp/hard\libc_nano.a(libc_a-memset.o)
                0x0800e202                memset
 .text.strncmp  0x0800e212       0x24 C:/ST/STM32CubeIDE_1.16.1/STM32CubeIDE/plugins/com.st.stm32cube.ide.mcu.externaltools.gnu-tools-for-stm32.12.3.rel1.win32_1.0.200.202406191623/tools/bin/../lib/gcc/arm-none-eabi/12.3.1/../../../../arm-none-eabi/lib/thumb/v7e-m+fp/hard\libc_nano.a(libc_a-strncmp.o)
                0x0800e212                strncmp
 *fill*         0x0800e236        0x2 
 .text._localeconv_r
                0x0800e238        0x8 C:/ST/STM32CubeIDE_1.16.1/STM32CubeIDE/plugins/com.st.stm32cube.ide.mcu.externaltools.gnu-tools-for-stm32.12.3.rel1.win32_1.0.200.202406191623/tools/bin/../lib/gcc/arm-none-eabi/12.3.1/../../../../arm-none-eabi/lib/thumb/v7e-m+fp/hard\libc_nano.a(libc_a-localeconv.o)
                0x0800e238                _localeconv_r
 .text._close_r
                0x0800e240       0x20 C:/ST/STM32CubeIDE_1.16.1/STM32CubeIDE/plugins/com.st.stm32cube.ide.mcu.externaltools.gnu-tools-for-stm32.12.3.rel1.win32_1.0.200.202406191623/tools/bin/../lib/gcc/arm-none-eabi/12.3.1/../../../../arm-none-eabi/lib/thumb/v7e-m+fp/hard\libc_nano.a(libc_a-closer.o)
                0x0800e240                _close_r
 .text._lseek_r
                0x0800e260       0x24 C:/ST/STM32CubeIDE_1.16.1/STM32CubeIDE/plugins/com.st.stm32cube.ide.mcu.externaltools.gnu-tools-for-stm32.12.3.rel1.win32_1.0.200.202406191623/tools/bin/../lib/gcc/arm-none-eabi/12.3.1/../../../../arm-none-eabi/lib/thumb/v7e-m+fp/hard\libc_nano.a(libc_a-lseekr.o)
                0x0800e260                _lseek_r
 .text._read_r  0x0800e284       0x24 C:/ST/STM32CubeIDE_1.16.1/STM32CubeIDE/plugins/com.st.stm32cube.ide.mcu.externaltools.gnu-tools-for-stm32.12.3.rel1.win32_1.0.200.202406191623/tools/bin/../lib/gcc/arm-none-eabi/12.3.1/../../../../arm-none-eabi/lib/thumb/v7e-m+fp/hard\libc_nano.a(libc_a-readr.o)
                0x0800e284                _read_r
 .text._write_r
                0x0800e2a8       0x24 C:/ST/STM32CubeIDE_1.16.1/STM32CubeIDE/plugins/com.st.stm32cube.ide.mcu.externaltools.gnu-tools-for-stm32.12.3.rel1.win32_1.0.200.202406191623/tools/bin/../lib/gcc/arm-none-eabi/12.3.1/../../../../arm-none-eabi/lib/thumb/v7e-m+fp/hard\libc_nano.a(libc_a-writer.o)
                0x0800e2a8                _write_r
 .text.__errno  0x0800e2cc        0xc C:/ST/STM32CubeIDE_1.16.1/STM32CubeIDE/plugins/com.st.stm32cube.ide.mcu.externaltools.gnu-tools-for-stm32.12.3.rel1.win32_1.0.200.202406191623/tools/bin/../lib/gcc/arm-none-eabi/12.3.1/../../../../arm-none-eabi/lib/thumb/v7e-m+fp/hard\libc_nano.a(libc_a-errno.o)
                0x0800e2cc                __errno
 .text.__libc_init_array
                0x0800e2d8       0x48 C:/ST/STM32CubeIDE_1.16.1/STM32CubeIDE/plugins/com.st.stm32cube.ide.mcu.externaltools.gnu-tools-for-stm32.12.3.rel1.win32_1.0.200.202406191623/tools/bin/../lib/gcc/arm-none-eabi/12.3.1/../../../../arm-none-eabi/lib/thumb/v7e-m+fp/hard\libc_nano.a(libc_a-init.o)
                0x0800e2d8                __libc_init_array
 .text.__retarget_lock_init_recursive
                0x0800e320        0x2 C:/ST/STM32CubeIDE_1.16.1/STM32CubeIDE/plugins/com.st.stm32cube.ide.mcu.externaltools.gnu-tools-for-stm32.12.3.rel1.win32_1.0.200.202406191623/tools/bin/../lib/gcc/arm-none-eabi/12.3.1/../../../../arm-none-eabi/lib/thumb/v7e-m+fp/hard\libc_nano.a(libc_a-lock.o)
                0x0800e320                __retarget_lock_init_recursive
 .text.__retarget_lock_acquire_recursive
                0x0800e322        0x2 C:/ST/STM32CubeIDE_1.16.1/STM32CubeIDE/plugins/com.st.stm32cube.ide.mcu.externaltools.gnu-tools-for-stm32.12.3.rel1.win32_1.0.200.202406191623/tools/bin/../lib/gcc/arm-none-eabi/12.3.1/../../../../arm-none-eabi/lib/thumb/v7e-m+fp/hard\libc_nano.a(libc_a-lock.o)
                0x0800e322                __retarget_lock_acquire_recursive
 .text.__retarget_lock_release_recursive
                0x0800e324        0x2 C:/ST/STM32CubeIDE_1.16.1/STM32CubeIDE/plugins/com.st.stm32cube.ide.mcu.externaltools.gnu-tools-for-stm32.12.3.rel1.win32_1.0.200.202406191623/tools/bin/../lib/gcc/arm-none-eabi/12.3.1/../../../../arm-none-eabi/lib/thumb/v7e-m+fp/hard\libc_nano.a(libc_a-lock.o)
                0x0800e324                __retarget_lock_release_recursive
 .text.memcpy   0x0800e326       0x1c C:/ST/STM32CubeIDE_1.16.1/STM32CubeIDE/plugins/com.st.stm32cube.ide.mcu.externaltools.gnu-tools-for-stm32.12.3.rel1.win32_1.0.200.202406191623/tools/bin/../lib/gcc/arm-none-eabi/12.3.1/../../../../arm-none-eabi/lib/thumb/v7e-m+fp/hard\libc_nano.a(libc_a-memcpy-stub.o)
                0x0800e326                memcpy
 *fill*         0x0800e342        0x6 
 .text.nan      0x0800e348       0x10 C:/ST/STM32CubeIDE_1.16.1/STM32CubeIDE/plugins/com.st.stm32cube.ide.mcu.externaltools.gnu-tools-for-stm32.12.3.rel1.win32_1.0.200.202406191623/tools/bin/../lib/gcc/arm-none-eabi/12.3.1/../../../../arm-none-eabi/lib/thumb/v7e-m+fp/hard\libc_nano.a(libm_a-s_nan.o)
                0x0800e348                nan
 .text.nanf     0x0800e358        0xc C:/ST/STM32CubeIDE_1.16.1/STM32CubeIDE/plugins/com.st.stm32cube.ide.mcu.externaltools.gnu-tools-for-stm32.12.3.rel1.win32_1.0.200.202406191623/tools/bin/../lib/gcc/arm-none-eabi/12.3.1/../../../../arm-none-eabi/lib/thumb/v7e-m+fp/hard\libc_nano.a(libm_a-sf_nan.o)
                0x0800e358                nanf
 .text.quorem   0x0800e364      0x110 C:/ST/STM32CubeIDE_1.16.1/STM32CubeIDE/plugins/com.st.stm32cube.ide.mcu.externaltools.gnu-tools-for-stm32.12.3.rel1.win32_1.0.200.202406191623/tools/bin/../lib/gcc/arm-none-eabi/12.3.1/../../../../arm-none-eabi/lib/thumb/v7e-m+fp/hard\libc_nano.a(libc_a-dtoa.o)
 *fill*         0x0800e474        0x4 
 .text._dtoa_r  0x0800e478      0xb88 C:/ST/STM32CubeIDE_1.16.1/STM32CubeIDE/plugins/com.st.stm32cube.ide.mcu.externaltools.gnu-tools-for-stm32.12.3.rel1.win32_1.0.200.202406191623/tools/bin/../lib/gcc/arm-none-eabi/12.3.1/../../../../arm-none-eabi/lib/thumb/v7e-m+fp/hard\libc_nano.a(libc_a-dtoa.o)
                0x0800e478                _dtoa_r
 .text._free_r  0x0800f000       0x94 C:/ST/STM32CubeIDE_1.16.1/STM32CubeIDE/plugins/com.st.stm32cube.ide.mcu.externaltools.gnu-tools-for-stm32.12.3.rel1.win32_1.0.200.202406191623/tools/bin/../lib/gcc/arm-none-eabi/12.3.1/../../../../arm-none-eabi/lib/thumb/v7e-m+fp/hard\libc_nano.a(libc_a-freer.o)
                0x0800f000                _free_r
 .text.rshift   0x0800f094       0xa4 C:/ST/STM32CubeIDE_1.16.1/STM32CubeIDE/plugins/com.st.stm32cube.ide.mcu.externaltools.gnu-tools-for-stm32.12.3.rel1.win32_1.0.200.202406191623/tools/bin/../lib/gcc/arm-none-eabi/12.3.1/../../../../arm-none-eabi/lib/thumb/v7e-m+fp/hard\libc_nano.a(libc_a-gdtoa-gethex.o)
 .text.__hexdig_fun
                0x0800f138       0x2a C:/ST/STM32CubeIDE_1.16.1/STM32CubeIDE/plugins/com.st.stm32cube.ide.mcu.externaltools.gnu-tools-for-stm32.12.3.rel1.win32_1.0.200.202406191623/tools/bin/../lib/gcc/arm-none-eabi/12.3.1/../../../../arm-none-eabi/lib/thumb/v7e-m+fp/hard\libc_nano.a(libc_a-gdtoa-gethex.o)
                0x0800f138                __hexdig_fun
 *fill*         0x0800f162        0x2 
 .text.__gethex
                0x0800f164      0x420 C:/ST/STM32CubeIDE_1.16.1/STM32CubeIDE/plugins/com.st.stm32cube.ide.mcu.externaltools.gnu-tools-for-stm32.12.3.rel1.win32_1.0.200.202406191623/tools/bin/../lib/gcc/arm-none-eabi/12.3.1/../../../../arm-none-eabi/lib/thumb/v7e-m+fp/hard\libc_nano.a(libc_a-gdtoa-gethex.o)
                0x0800f164                __gethex
 .text.L_shift  0x0800f584       0x24 C:/ST/STM32CubeIDE_1.16.1/STM32CubeIDE/plugins/com.st.stm32cube.ide.mcu.externaltools.gnu-tools-for-stm32.12.3.rel1.win32_1.0.200.202406191623/tools/bin/../lib/gcc/arm-none-eabi/12.3.1/../../../../arm-none-eabi/lib/thumb/v7e-m+fp/hard\libc_nano.a(libc_a-gdtoa-hexnan.o)
 .text.__match  0x0800f5a8       0x28 C:/ST/STM32CubeIDE_1.16.1/STM32CubeIDE/plugins/com.st.stm32cube.ide.mcu.externaltools.gnu-tools-for-stm32.12.3.rel1.win32_1.0.200.202406191623/tools/bin/../lib/gcc/arm-none-eabi/12.3.1/../../../../arm-none-eabi/lib/thumb/v7e-m+fp/hard\libc_nano.a(libc_a-gdtoa-hexnan.o)
                0x0800f5a8                __match
 .text.__hexnan
                0x0800f5d0      0x136 C:/ST/STM32CubeIDE_1.16.1/STM32CubeIDE/plugins/com.st.stm32cube.ide.mcu.externaltools.gnu-tools-for-stm32.12.3.rel1.win32_1.0.200.202406191623/tools/bin/../lib/gcc/arm-none-eabi/12.3.1/../../../../arm-none-eabi/lib/thumb/v7e-m+fp/hard\libc_nano.a(libc_a-gdtoa-hexnan.o)
                0x0800f5d0                __hexnan
 *fill*         0x0800f706        0x2 
 .text.malloc   0x0800f708       0x10 C:/ST/STM32CubeIDE_1.16.1/STM32CubeIDE/plugins/com.st.stm32cube.ide.mcu.externaltools.gnu-tools-for-stm32.12.3.rel1.win32_1.0.200.202406191623/tools/bin/../lib/gcc/arm-none-eabi/12.3.1/../../../../arm-none-eabi/lib/thumb/v7e-m+fp/hard\libc_nano.a(libc_a-malloc.o)
                0x0800f708                malloc
 .text.sbrk_aligned
                0x0800f718       0x44 C:/ST/STM32CubeIDE_1.16.1/STM32CubeIDE/plugins/com.st.stm32cube.ide.mcu.externaltools.gnu-tools-for-stm32.12.3.rel1.win32_1.0.200.202406191623/tools/bin/../lib/gcc/arm-none-eabi/12.3.1/../../../../arm-none-eabi/lib/thumb/v7e-m+fp/hard\libc_nano.a(libc_a-mallocr.o)
 .text._malloc_r
                0x0800f75c      0x100 C:/ST/STM32CubeIDE_1.16.1/STM32CubeIDE/plugins/com.st.stm32cube.ide.mcu.externaltools.gnu-tools-for-stm32.12.3.rel1.win32_1.0.200.202406191623/tools/bin/../lib/gcc/arm-none-eabi/12.3.1/../../../../arm-none-eabi/lib/thumb/v7e-m+fp/hard\libc_nano.a(libc_a-mallocr.o)
                0x0800f75c                _malloc_r
 .text.__ascii_mbtowc
                0x0800f85c       0x24 C:/ST/STM32CubeIDE_1.16.1/STM32CubeIDE/plugins/com.st.stm32cube.ide.mcu.externaltools.gnu-tools-for-stm32.12.3.rel1.win32_1.0.200.202406191623/tools/bin/../lib/gcc/arm-none-eabi/12.3.1/../../../../arm-none-eabi/lib/thumb/v7e-m+fp/hard\libc_nano.a(libc_a-mbtowc_r.o)
                0x0800f85c                __ascii_mbtowc
 .text.__malloc_lock
                0x0800f880        0xc C:/ST/STM32CubeIDE_1.16.1/STM32CubeIDE/plugins/com.st.stm32cube.ide.mcu.externaltools.gnu-tools-for-stm32.12.3.rel1.win32_1.0.200.202406191623/tools/bin/../lib/gcc/arm-none-eabi/12.3.1/../../../../arm-none-eabi/lib/thumb/v7e-m+fp/hard\libc_nano.a(libc_a-mlock.o)
                0x0800f880                __malloc_lock
 .text.__malloc_unlock
                0x0800f88c        0xc C:/ST/STM32CubeIDE_1.16.1/STM32CubeIDE/plugins/com.st.stm32cube.ide.mcu.externaltools.gnu-tools-for-stm32.12.3.rel1.win32_1.0.200.202406191623/tools/bin/../lib/gcc/arm-none-eabi/12.3.1/../../../../arm-none-eabi/lib/thumb/v7e-m+fp/hard\libc_nano.a(libc_a-mlock.o)
                0x0800f88c                __malloc_unlock
 .text._Balloc  0x0800f898       0x80 C:/ST/STM32CubeIDE_1.16.1/STM32CubeIDE/plugins/com.st.stm32cube.ide.mcu.externaltools.gnu-tools-for-stm32.12.3.rel1.win32_1.0.200.202406191623/tools/bin/../lib/gcc/arm-none-eabi/12.3.1/../../../../arm-none-eabi/lib/thumb/v7e-m+fp/hard\libc_nano.a(libc_a-mprec.o)
                0x0800f898                _Balloc
 .text._Bfree   0x0800f918       0x44 C:/ST/STM32CubeIDE_1.16.1/STM32CubeIDE/plugins/com.st.stm32cube.ide.mcu.externaltools.gnu-tools-for-stm32.12.3.rel1.win32_1.0.200.202406191623/tools/bin/../lib/gcc/arm-none-eabi/12.3.1/../../../../arm-none-eabi/lib/thumb/v7e-m+fp/hard\libc_nano.a(libc_a-mprec.o)
                0x0800f918                _Bfree
 .text.__multadd
                0x0800f95c       0x8c C:/ST/STM32CubeIDE_1.16.1/STM32CubeIDE/plugins/com.st.stm32cube.ide.mcu.externaltools.gnu-tools-for-stm32.12.3.rel1.win32_1.0.200.202406191623/tools/bin/../lib/gcc/arm-none-eabi/12.3.1/../../../../arm-none-eabi/lib/thumb/v7e-m+fp/hard\libc_nano.a(libc_a-mprec.o)
                0x0800f95c                __multadd
 .text.__s2b    0x0800f9e8       0x94 C:/ST/STM32CubeIDE_1.16.1/STM32CubeIDE/plugins/com.st.stm32cube.ide.mcu.externaltools.gnu-tools-for-stm32.12.3.rel1.win32_1.0.200.202406191623/tools/bin/../lib/gcc/arm-none-eabi/12.3.1/../../../../arm-none-eabi/lib/thumb/v7e-m+fp/hard\libc_nano.a(libc_a-mprec.o)
                0x0800f9e8                __s2b
 .text.__hi0bits
                0x0800fa7c       0x3e C:/ST/STM32CubeIDE_1.16.1/STM32CubeIDE/plugins/com.st.stm32cube.ide.mcu.externaltools.gnu-tools-for-stm32.12.3.rel1.win32_1.0.200.202406191623/tools/bin/../lib/gcc/arm-none-eabi/12.3.1/../../../../arm-none-eabi/lib/thumb/v7e-m+fp/hard\libc_nano.a(libc_a-mprec.o)
                0x0800fa7c                __hi0bits
 .text.__lo0bits
                0x0800faba       0x5a C:/ST/STM32CubeIDE_1.16.1/STM32CubeIDE/plugins/com.st.stm32cube.ide.mcu.externaltools.gnu-tools-for-stm32.12.3.rel1.win32_1.0.200.202406191623/tools/bin/../lib/gcc/arm-none-eabi/12.3.1/../../../../arm-none-eabi/lib/thumb/v7e-m+fp/hard\libc_nano.a(libc_a-mprec.o)
                0x0800faba                __lo0bits
 .text.__i2b    0x0800fb14       0x2c C:/ST/STM32CubeIDE_1.16.1/STM32CubeIDE/plugins/com.st.stm32cube.ide.mcu.externaltools.gnu-tools-for-stm32.12.3.rel1.win32_1.0.200.202406191623/tools/bin/../lib/gcc/arm-none-eabi/12.3.1/../../../../arm-none-eabi/lib/thumb/v7e-m+fp/hard\libc_nano.a(libc_a-mprec.o)
                0x0800fb14                __i2b
 .text.__multiply
                0x0800fb40      0x154 C:/ST/STM32CubeIDE_1.16.1/STM32CubeIDE/plugins/com.st.stm32cube.ide.mcu.externaltools.gnu-tools-for-stm32.12.3.rel1.win32_1.0.200.202406191623/tools/bin/../lib/gcc/arm-none-eabi/12.3.1/../../../../arm-none-eabi/lib/thumb/v7e-m+fp/hard\libc_nano.a(libc_a-mprec.o)
                0x0800fb40                __multiply
 .text.__pow5mult
                0x0800fc94       0xb4 C:/ST/STM32CubeIDE_1.16.1/STM32CubeIDE/plugins/com.st.stm32cube.ide.mcu.externaltools.gnu-tools-for-stm32.12.3.rel1.win32_1.0.200.202406191623/tools/bin/../lib/gcc/arm-none-eabi/12.3.1/../../../../arm-none-eabi/lib/thumb/v7e-m+fp/hard\libc_nano.a(libc_a-mprec.o)
                0x0800fc94                __pow5mult
 .text.__lshift
                0x0800fd48       0xd8 C:/ST/STM32CubeIDE_1.16.1/STM32CubeIDE/plugins/com.st.stm32cube.ide.mcu.externaltools.gnu-tools-for-stm32.12.3.rel1.win32_1.0.200.202406191623/tools/bin/../lib/gcc/arm-none-eabi/12.3.1/../../../../arm-none-eabi/lib/thumb/v7e-m+fp/hard\libc_nano.a(libc_a-mprec.o)
                0x0800fd48                __lshift
 .text.__mcmp   0x0800fe20       0x36 C:/ST/STM32CubeIDE_1.16.1/STM32CubeIDE/plugins/com.st.stm32cube.ide.mcu.externaltools.gnu-tools-for-stm32.12.3.rel1.win32_1.0.200.202406191623/tools/bin/../lib/gcc/arm-none-eabi/12.3.1/../../../../arm-none-eabi/lib/thumb/v7e-m+fp/hard\libc_nano.a(libc_a-mprec.o)
                0x0800fe20                __mcmp
 *fill*         0x0800fe56        0x2 
 .text.__mdiff  0x0800fe58      0x128 C:/ST/STM32CubeIDE_1.16.1/STM32CubeIDE/plugins/com.st.stm32cube.ide.mcu.externaltools.gnu-tools-for-stm32.12.3.rel1.win32_1.0.200.202406191623/tools/bin/../lib/gcc/arm-none-eabi/12.3.1/../../../../arm-none-eabi/lib/thumb/v7e-m+fp/hard\libc_nano.a(libc_a-mprec.o)
                0x0800fe58                __mdiff
 .text.__ulp    0x0800ff80       0x4c C:/ST/STM32CubeIDE_1.16.1/STM32CubeIDE/plugins/com.st.stm32cube.ide.mcu.externaltools.gnu-tools-for-stm32.12.3.rel1.win32_1.0.200.202406191623/tools/bin/../lib/gcc/arm-none-eabi/12.3.1/../../../../arm-none-eabi/lib/thumb/v7e-m+fp/hard\libc_nano.a(libc_a-mprec.o)
                0x0800ff80                __ulp
 .text.__b2d    0x0800ffcc       0x94 C:/ST/STM32CubeIDE_1.16.1/STM32CubeIDE/plugins/com.st.stm32cube.ide.mcu.externaltools.gnu-tools-for-stm32.12.3.rel1.win32_1.0.200.202406191623/tools/bin/../lib/gcc/arm-none-eabi/12.3.1/../../../../arm-none-eabi/lib/thumb/v7e-m+fp/hard\libc_nano.a(libc_a-mprec.o)
                0x0800ffcc                __b2d
 .text.__d2b    0x08010060       0xb0 C:/ST/STM32CubeIDE_1.16.1/STM32CubeIDE/plugins/com.st.stm32cube.ide.mcu.externaltools.gnu-tools-for-stm32.12.3.rel1.win32_1.0.200.202406191623/tools/bin/../lib/gcc/arm-none-eabi/12.3.1/../../../../arm-none-eabi/lib/thumb/v7e-m+fp/hard\libc_nano.a(libc_a-mprec.o)
                0x08010060                __d2b
 .text.__ratio  0x08010110       0x64 C:/ST/STM32CubeIDE_1.16.1/STM32CubeIDE/plugins/com.st.stm32cube.ide.mcu.externaltools.gnu-tools-for-stm32.12.3.rel1.win32_1.0.200.202406191623/tools/bin/../lib/gcc/arm-none-eabi/12.3.1/../../../../arm-none-eabi/lib/thumb/v7e-m+fp/hard\libc_nano.a(libc_a-mprec.o)
                0x08010110                __ratio
 .text.__copybits
                0x08010174       0x46 C:/ST/STM32CubeIDE_1.16.1/STM32CubeIDE/plugins/com.st.stm32cube.ide.mcu.externaltools.gnu-tools-for-stm32.12.3.rel1.win32_1.0.200.202406191623/tools/bin/../lib/gcc/arm-none-eabi/12.3.1/../../../../arm-none-eabi/lib/thumb/v7e-m+fp/hard\libc_nano.a(libc_a-mprec.o)
                0x08010174                __copybits
 .text.__any_on
                0x080101ba       0x42 C:/ST/STM32CubeIDE_1.16.1/STM32CubeIDE/plugins/com.st.stm32cube.ide.mcu.externaltools.gnu-tools-for-stm32.12.3.rel1.win32_1.0.200.202406191623/tools/bin/../lib/gcc/arm-none-eabi/12.3.1/../../../../arm-none-eabi/lib/thumb/v7e-m+fp/hard\libc_nano.a(libc_a-mprec.o)
                0x080101ba                __any_on
 .text._strtol_l.constprop.0
                0x080101fc       0xf4 C:/ST/STM32CubeIDE_1.16.1/STM32CubeIDE/plugins/com.st.stm32cube.ide.mcu.externaltools.gnu-tools-for-stm32.12.3.rel1.win32_1.0.200.202406191623/tools/bin/../lib/gcc/arm-none-eabi/12.3.1/../../../../arm-none-eabi/lib/thumb/v7e-m+fp/hard\libc_nano.a(libc_a-strtol.o)
 .text._strtol_r
                0x080102f0        0x4 C:/ST/STM32CubeIDE_1.16.1/STM32CubeIDE/plugins/com.st.stm32cube.ide.mcu.externaltools.gnu-tools-for-stm32.12.3.rel1.win32_1.0.200.202406191623/tools/bin/../lib/gcc/arm-none-eabi/12.3.1/../../../../arm-none-eabi/lib/thumb/v7e-m+fp/hard\libc_nano.a(libc_a-strtol.o)
                0x080102f0                _strtol_r
 .text.__ascii_wctomb
                0x080102f4       0x1a C:/ST/STM32CubeIDE_1.16.1/STM32CubeIDE/plugins/com.st.stm32cube.ide.mcu.externaltools.gnu-tools-for-stm32.12.3.rel1.win32_1.0.200.202406191623/tools/bin/../lib/gcc/arm-none-eabi/12.3.1/../../../../arm-none-eabi/lib/thumb/v7e-m+fp/hard\libc_nano.a(libc_a-wctomb_r.o)
                0x080102f4                __ascii_wctomb
 .text.__ssputs_r
                0x0801030e       0xb6 C:/ST/STM32CubeIDE_1.16.1/STM32CubeIDE/plugins/com.st.stm32cube.ide.mcu.externaltools.gnu-tools-for-stm32.12.3.rel1.win32_1.0.200.202406191623/tools/bin/../lib/gcc/arm-none-eabi/12.3.1/../../../../arm-none-eabi/lib/thumb/v7e-m+fp/hard\libc_nano.a(libc_a-nano-svfprintf.o)
                0x0801030e                __ssputs_r
 .text._svfprintf_r
                0x080103c4      0x1f8 C:/ST/STM32CubeIDE_1.16.1/STM32CubeIDE/plugins/com.st.stm32cube.ide.mcu.externaltools.gnu-tools-for-stm32.12.3.rel1.win32_1.0.200.202406191623/tools/bin/../lib/gcc/arm-none-eabi/12.3.1/../../../../arm-none-eabi/lib/thumb/v7e-m+fp/hard\libc_nano.a(libc_a-nano-svfprintf.o)
                0x080103c4                _svfiprintf_r
                0x080103c4                _svfprintf_r
 .text.__sfputc_r
                0x080105bc       0x2e C:/ST/STM32CubeIDE_1.16.1/STM32CubeIDE/plugins/com.st.stm32cube.ide.mcu.externaltools.gnu-tools-for-stm32.12.3.rel1.win32_1.0.200.202406191623/tools/bin/../lib/gcc/arm-none-eabi/12.3.1/../../../../arm-none-eabi/lib/thumb/v7e-m+fp/hard\libc_nano.a(libc_a-nano-vfprintf.o)
 .text.__sfputs_r
                0x080105ea       0x24 C:/ST/STM32CubeIDE_1.16.1/STM32CubeIDE/plugins/com.st.stm32cube.ide.mcu.externaltools.gnu-tools-for-stm32.12.3.rel1.win32_1.0.200.202406191623/tools/bin/../lib/gcc/arm-none-eabi/12.3.1/../../../../arm-none-eabi/lib/thumb/v7e-m+fp/hard\libc_nano.a(libc_a-nano-vfprintf.o)
                0x080105ea                __sfputs_r
 *fill*         0x0801060e        0x2 
 .text._vfprintf_r
                0x08010610      0x230 C:/ST/STM32CubeIDE_1.16.1/STM32CubeIDE/plugins/com.st.stm32cube.ide.mcu.externaltools.gnu-tools-for-stm32.12.3.rel1.win32_1.0.200.202406191623/tools/bin/../lib/gcc/arm-none-eabi/12.3.1/../../../../arm-none-eabi/lib/thumb/v7e-m+fp/hard\libc_nano.a(libc_a-nano-vfprintf.o)
                0x08010610                _vfprintf_r
                0x08010610                _vfiprintf_r
 .text.__sflush_r
                0x08010840      0x108 C:/ST/STM32CubeIDE_1.16.1/STM32CubeIDE/plugins/com.st.stm32cube.ide.mcu.externaltools.gnu-tools-for-stm32.12.3.rel1.win32_1.0.200.202406191623/tools/bin/../lib/gcc/arm-none-eabi/12.3.1/../../../../arm-none-eabi/lib/thumb/v7e-m+fp/hard\libc_nano.a(libc_a-fflush.o)
                0x08010840                __sflush_r
 .text._fflush_r
                0x08010948       0x50 C:/ST/STM32CubeIDE_1.16.1/STM32CubeIDE/plugins/com.st.stm32cube.ide.mcu.externaltools.gnu-tools-for-stm32.12.3.rel1.win32_1.0.200.202406191623/tools/bin/../lib/gcc/arm-none-eabi/12.3.1/../../../../arm-none-eabi/lib/thumb/v7e-m+fp/hard\libc_nano.a(libc_a-fflush.o)
                0x08010948                _fflush_r
 .text.__swbuf_r
                0x08010998       0x7c C:/ST/STM32CubeIDE_1.16.1/STM32CubeIDE/plugins/com.st.stm32cube.ide.mcu.externaltools.gnu-tools-for-stm32.12.3.rel1.win32_1.0.200.202406191623/tools/bin/../lib/gcc/arm-none-eabi/12.3.1/../../../../arm-none-eabi/lib/thumb/v7e-m+fp/hard\libc_nano.a(libc_a-wbuf.o)
                0x08010998                __swbuf_r
 .text.__swsetup_r
                0x08010a14       0xac C:/ST/STM32CubeIDE_1.16.1/STM32CubeIDE/plugins/com.st.stm32cube.ide.mcu.externaltools.gnu-tools-for-stm32.12.3.rel1.win32_1.0.200.202406191623/tools/bin/../lib/gcc/arm-none-eabi/12.3.1/../../../../arm-none-eabi/lib/thumb/v7e-m+fp/hard\libc_nano.a(libc_a-wsetup.o)
                0x08010a14                __swsetup_r
 .text.memmove  0x08010ac0       0x34 C:/ST/STM32CubeIDE_1.16.1/STM32CubeIDE/plugins/com.st.stm32cube.ide.mcu.externaltools.gnu-tools-for-stm32.12.3.rel1.win32_1.0.200.202406191623/tools/bin/../lib/gcc/arm-none-eabi/12.3.1/../../../../arm-none-eabi/lib/thumb/v7e-m+fp/hard\libc_nano.a(libc_a-memmove.o)
                0x08010ac0                memmove
 .text._sbrk_r  0x08010af4       0x20 C:/ST/STM32CubeIDE_1.16.1/STM32CubeIDE/plugins/com.st.stm32cube.ide.mcu.externaltools.gnu-tools-for-stm32.12.3.rel1.win32_1.0.200.202406191623/tools/bin/../lib/gcc/arm-none-eabi/12.3.1/../../../../arm-none-eabi/lib/thumb/v7e-m+fp/hard\libc_nano.a(libc_a-sbrkr.o)
                0x08010af4                _sbrk_r
 .text.__assert_func
                0x08010b14       0x3c C:/ST/STM32CubeIDE_1.16.1/STM32CubeIDE/plugins/com.st.stm32cube.ide.mcu.externaltools.gnu-tools-for-stm32.12.3.rel1.win32_1.0.200.202406191623/tools/bin/../lib/gcc/arm-none-eabi/12.3.1/../../../../arm-none-eabi/lib/thumb/v7e-m+fp/hard\libc_nano.a(libc_a-assert.o)
                0x08010b14                __assert_func
 .text._calloc_r
                0x08010b50       0x28 C:/ST/STM32CubeIDE_1.16.1/STM32CubeIDE/plugins/com.st.stm32cube.ide.mcu.externaltools.gnu-tools-for-stm32.12.3.rel1.win32_1.0.200.202406191623/tools/bin/../lib/gcc/arm-none-eabi/12.3.1/../../../../arm-none-eabi/lib/thumb/v7e-m+fp/hard\libc_nano.a(libc_a-callocr.o)
                0x08010b50                _calloc_r
 .text._realloc_r
                0x08010b78       0x5c C:/ST/STM32CubeIDE_1.16.1/STM32CubeIDE/plugins/com.st.stm32cube.ide.mcu.externaltools.gnu-tools-for-stm32.12.3.rel1.win32_1.0.200.202406191623/tools/bin/../lib/gcc/arm-none-eabi/12.3.1/../../../../arm-none-eabi/lib/thumb/v7e-m+fp/hard\libc_nano.a(libc_a-reallocr.o)
                0x08010b78                _realloc_r
 .text.fprintf  0x08010bd4       0x24 C:/ST/STM32CubeIDE_1.16.1/STM32CubeIDE/plugins/com.st.stm32cube.ide.mcu.externaltools.gnu-tools-for-stm32.12.3.rel1.win32_1.0.200.202406191623/tools/bin/../lib/gcc/arm-none-eabi/12.3.1/../../../../arm-none-eabi/lib/thumb/v7e-m+fp/hard\libc_nano.a(libc_a-fprintf.o)
                0x08010bd4                fiprintf
                0x08010bd4                fprintf
 .text.__swhatbuf_r
                0x08010bf8       0x4c C:/ST/STM32CubeIDE_1.16.1/STM32CubeIDE/plugins/com.st.stm32cube.ide.mcu.externaltools.gnu-tools-for-stm32.12.3.rel1.win32_1.0.200.202406191623/tools/bin/../lib/gcc/arm-none-eabi/12.3.1/../../../../arm-none-eabi/lib/thumb/v7e-m+fp/hard\libc_nano.a(libc_a-makebuf.o)
                0x08010bf8                __swhatbuf_r
 .text.__smakebuf_r
                0x08010c44       0x78 C:/ST/STM32CubeIDE_1.16.1/STM32CubeIDE/plugins/com.st.stm32cube.ide.mcu.externaltools.gnu-tools-for-stm32.12.3.rel1.win32_1.0.200.202406191623/tools/bin/../lib/gcc/arm-none-eabi/12.3.1/../../../../arm-none-eabi/lib/thumb/v7e-m+fp/hard\libc_nano.a(libc_a-makebuf.o)
                0x08010c44                __smakebuf_r
 .text._fstat_r
                0x08010cbc       0x24 C:/ST/STM32CubeIDE_1.16.1/STM32CubeIDE/plugins/com.st.stm32cube.ide.mcu.externaltools.gnu-tools-for-stm32.12.3.rel1.win32_1.0.200.202406191623/tools/bin/../lib/gcc/arm-none-eabi/12.3.1/../../../../arm-none-eabi/lib/thumb/v7e-m+fp/hard\libc_nano.a(libc_a-fstatr.o)
                0x08010cbc                _fstat_r
 .text._isatty_r
                0x08010ce0       0x20 C:/ST/STM32CubeIDE_1.16.1/STM32CubeIDE/plugins/com.st.stm32cube.ide.mcu.externaltools.gnu-tools-for-stm32.12.3.rel1.win32_1.0.200.202406191623/tools/bin/../lib/gcc/arm-none-eabi/12.3.1/../../../../arm-none-eabi/lib/thumb/v7e-m+fp/hard\libc_nano.a(libc_a-isattyr.o)
                0x08010ce0                _isatty_r
 .text.abort    0x08010d00        0xe C:/ST/STM32CubeIDE_1.16.1/STM32CubeIDE/plugins/com.st.stm32cube.ide.mcu.externaltools.gnu-tools-for-stm32.12.3.rel1.win32_1.0.200.202406191623/tools/bin/../lib/gcc/arm-none-eabi/12.3.1/../../../../arm-none-eabi/lib/thumb/v7e-m+fp/hard\libc_nano.a(libc_a-abort.o)
                0x08010d00                abort
 .text._malloc_usable_size_r
                0x08010d0e       0x10 C:/ST/STM32CubeIDE_1.16.1/STM32CubeIDE/plugins/com.st.stm32cube.ide.mcu.externaltools.gnu-tools-for-stm32.12.3.rel1.win32_1.0.200.202406191623/tools/bin/../lib/gcc/arm-none-eabi/12.3.1/../../../../arm-none-eabi/lib/thumb/v7e-m+fp/hard\libc_nano.a(libc_a-msizer.o)
                0x08010d0e                _malloc_usable_size_r
 .text._raise_r
                0x08010d1e       0x50 C:/ST/STM32CubeIDE_1.16.1/STM32CubeIDE/plugins/com.st.stm32cube.ide.mcu.externaltools.gnu-tools-for-stm32.12.3.rel1.win32_1.0.200.202406191623/tools/bin/../lib/gcc/arm-none-eabi/12.3.1/../../../../arm-none-eabi/lib/thumb/v7e-m+fp/hard\libc_nano.a(libc_a-signal.o)
                0x08010d1e                _raise_r
 *fill*         0x08010d6e        0x2 
 .text.raise    0x08010d70       0x10 C:/ST/STM32CubeIDE_1.16.1/STM32CubeIDE/plugins/com.st.stm32cube.ide.mcu.externaltools.gnu-tools-for-stm32.12.3.rel1.win32_1.0.200.202406191623/tools/bin/../lib/gcc/arm-none-eabi/12.3.1/../../../../arm-none-eabi/lib/thumb/v7e-m+fp/hard\libc_nano.a(libc_a-signal.o)
                0x08010d70                raise
 .text._kill_r  0x08010d80       0x24 C:/ST/STM32CubeIDE_1.16.1/STM32CubeIDE/plugins/com.st.stm32cube.ide.mcu.externaltools.gnu-tools-for-stm32.12.3.rel1.win32_1.0.200.202406191623/tools/bin/../lib/gcc/arm-none-eabi/12.3.1/../../../../arm-none-eabi/lib/thumb/v7e-m+fp/hard\libc_nano.a(libc_a-signalr.o)
                0x08010d80                _kill_r
 .text._getpid_r
                0x08010da4        0x4 C:/ST/STM32CubeIDE_1.16.1/STM32CubeIDE/plugins/com.st.stm32cube.ide.mcu.externaltools.gnu-tools-for-stm32.12.3.rel1.win32_1.0.200.202406191623/tools/bin/../lib/gcc/arm-none-eabi/12.3.1/../../../../arm-none-eabi/lib/thumb/v7e-m+fp/hard\libc_nano.a(libc_a-signalr.o)
                0x08010da4                _getpid_r
 .text.fmaxf    0x08010da8       0x3a C:/ST/STM32CubeIDE_1.16.1/STM32CubeIDE/plugins/com.st.stm32cube.ide.mcu.externaltools.gnu-tools-for-stm32.12.3.rel1.win32_1.0.200.202406191623/tools/bin/../lib/gcc/arm-none-eabi/12.3.1/../../../../arm-none-eabi/lib/thumb/v7e-m+fp/hard\libm.a(libm_a-sf_fmax.o)
                0x08010da8                fmaxf
 .text.fminf    0x08010de2       0x3a C:/ST/STM32CubeIDE_1.16.1/STM32CubeIDE/plugins/com.st.stm32cube.ide.mcu.externaltools.gnu-tools-for-stm32.12.3.rel1.win32_1.0.200.202406191623/tools/bin/../lib/gcc/arm-none-eabi/12.3.1/../../../../arm-none-eabi/lib/thumb/v7e-m+fp/hard\libm.a(libm_a-sf_fmin.o)
                0x08010de2                fminf
 .text.__fpclassifyf
                0x08010e1c       0x38 C:/ST/STM32CubeIDE_1.16.1/STM32CubeIDE/plugins/com.st.stm32cube.ide.mcu.externaltools.gnu-tools-for-stm32.12.3.rel1.win32_1.0.200.202406191623/tools/bin/../lib/gcc/arm-none-eabi/12.3.1/../../../../arm-none-eabi/lib/thumb/v7e-m+fp/hard\libm.a(libm_a-sf_fpclassify.o)
                0x08010e1c                __fpclassifyf
 *(.glue_7)
 .glue_7        0x08010e54        0x0 linker stubs
 *(.glue_7t)
 .glue_7t       0x08010e54        0x0 linker stubs
 *(.eh_frame)
 .eh_frame      0x08010e54        0x0 C:/ST/STM32CubeIDE_1.16.1/STM32CubeIDE/plugins/com.st.stm32cube.ide.mcu.externaltools.gnu-tools-for-stm32.12.3.rel1.win32_1.0.200.202406191623/tools/bin/../lib/gcc/arm-none-eabi/12.3.1/thumb/v7e-m+fp/hard/crtbegin.o
 *(.init)
 .init          0x08010e54        0x4 C:/ST/STM32CubeIDE_1.16.1/STM32CubeIDE/plugins/com.st.stm32cube.ide.mcu.externaltools.gnu-tools-for-stm32.12.3.rel1.win32_1.0.200.202406191623/tools/bin/../lib/gcc/arm-none-eabi/12.3.1/thumb/v7e-m+fp/hard/crti.o
                0x08010e54                _init
 .init          0x08010e58        0x8 C:/ST/STM32CubeIDE_1.16.1/STM32CubeIDE/plugins/com.st.stm32cube.ide.mcu.externaltools.gnu-tools-for-stm32.12.3.rel1.win32_1.0.200.202406191623/tools/bin/../lib/gcc/arm-none-eabi/12.3.1/thumb/v7e-m+fp/hard/crtn.o
 *(.fini)
 .fini          0x08010e60        0x4 C:/ST/STM32CubeIDE_1.16.1/STM32CubeIDE/plugins/com.st.stm32cube.ide.mcu.externaltools.gnu-tools-for-stm32.12.3.rel1.win32_1.0.200.202406191623/tools/bin/../lib/gcc/arm-none-eabi/12.3.1/thumb/v7e-m+fp/hard/crti.o
                0x08010e60                _fini
 .fini          0x08010e64        0x8 C:/ST/STM32CubeIDE_1.16.1/STM32CubeIDE/plugins/com.st.stm32cube.ide.mcu.externaltools.gnu-tools-for-stm32.12.3.rel1.win32_1.0.200.202406191623/tools/bin/../lib/gcc/arm-none-eabi/12.3.1/thumb/v7e-m+fp/hard/crtn.o
                0x08010e6c                        . = ALIGN (0x4)
                0x08010e6c                        _etext = .

.vfp11_veneer   0x08010e6c        0x0
 .vfp11_veneer  0x08010e6c        0x0 linker stubs

.v4_bx          0x08010e6c        0x0
 .v4_bx         0x08010e6c        0x0 linker stubs

.iplt           0x08010e6c        0x0
 .iplt          0x08010e6c        0x0 C:/ST/STM32CubeIDE_1.16.1/STM32CubeIDE/plugins/com.st.stm32cube.ide.mcu.externaltools.gnu-tools-for-stm32.12.3.rel1.win32_1.0.200.202406191623/tools/bin/../lib/gcc/arm-none-eabi/12.3.1/thumb/v7e-m+fp/hard/crtbegin.o

.rodata         0x08010e70      0xa68
                0x08010e70                        . = ALIGN (0x4)
 *(.rodata)
 .rodata        0x08010e70       0x34 ./Components/Src/bmp2.o
 .rodata        0x08010ea4      0x16b ./Core/Src/main.o
 *fill*         0x0801100f        0x1 
 .rodata        0x08011010       0x48 ./Middlewares/FatFs/ff.o
 *(.rodata*)
 .rodata.AHBPrescTable
                0x08011058       0x10 ./Core/Src/system_stm32f7xx.o
                0x08011058                AHBPrescTable
 .rodata.APBPrescTable
                0x08011068        0x8 ./Core/Src/system_stm32f7xx.o
                0x08011068                APBPrescTable
 .rodata.Tbl    0x08011070      0x100 ./Middlewares/FatFs/ccsbcs.o
 .rodata.cvt1.1
                0x08011170      0x1f2 ./Middlewares/FatFs/ccsbcs.o
 *fill*         0x08011362        0x2 
 .rodata.cvt2.0
                0x08011364       0xbc ./Middlewares/FatFs/ccsbcs.o
 .rodata.ExCvt  0x08011420       0x80 ./Middlewares/FatFs/ff.o
 .rodata.LfnOfs
                0x080114a0        0xd ./Middlewares/FatFs/ff.o
 .rodata._strtod_l.str1.1
                0x080114ad        0x2 C:/ST/STM32CubeIDE_1.16.1/STM32CubeIDE/plugins/com.st.stm32cube.ide.mcu.externaltools.gnu-tools-for-stm32.12.3.rel1.win32_1.0.200.202406191623/tools/bin/../lib/gcc/arm-none-eabi/12.3.1/../../../../arm-none-eabi/lib/thumb/v7e-m+fp/hard\libc_nano.a(libc_a-strtod.o)
                                  0xf (size before relaxing)
 *fill*         0x080114af        0x1 
 .rodata.fpinan.0
                0x080114b0       0x14 C:/ST/STM32CubeIDE_1.16.1/STM32CubeIDE/plugins/com.st.stm32cube.ide.mcu.externaltools.gnu-tools-for-stm32.12.3.rel1.win32_1.0.200.202406191623/tools/bin/../lib/gcc/arm-none-eabi/12.3.1/../../../../arm-none-eabi/lib/thumb/v7e-m+fp/hard\libc_nano.a(libc_a-strtod.o)
 .rodata.fpi.1  0x080114c4       0x14 C:/ST/STM32CubeIDE_1.16.1/STM32CubeIDE/plugins/com.st.stm32cube.ide.mcu.externaltools.gnu-tools-for-stm32.12.3.rel1.win32_1.0.200.202406191623/tools/bin/../lib/gcc/arm-none-eabi/12.3.1/../../../../arm-none-eabi/lib/thumb/v7e-m+fp/hard\libc_nano.a(libc_a-strtod.o)
 .rodata.tinytens
                0x080114d8       0x28 C:/ST/STM32CubeIDE_1.16.1/STM32CubeIDE/plugins/com.st.stm32cube.ide.mcu.externaltools.gnu-tools-for-stm32.12.3.rel1.win32_1.0.200.202406191623/tools/bin/../lib/gcc/arm-none-eabi/12.3.1/../../../../arm-none-eabi/lib/thumb/v7e-m+fp/hard\libc_nano.a(libc_a-strtod.o)
 .rodata._printf_float.str1.1
                0x08011500       0x12 C:/ST/STM32CubeIDE_1.16.1/STM32CubeIDE/plugins/com.st.stm32cube.ide.mcu.externaltools.gnu-tools-for-stm32.12.3.rel1.win32_1.0.200.202406191623/tools/bin/../lib/gcc/arm-none-eabi/12.3.1/../../../../arm-none-eabi/lib/thumb/v7e-m+fp/hard\libc_nano.a(libc_a-nano-vfprintf_float.o)
 .rodata._printf_i.str1.1